Archive member included to satisfy reference by file (symbol)

C:/ST/STM32CubeIDE_1.15.0/STM32CubeIDE/plugins/com.st.stm32cube.ide.mcu.externaltools.gnu-tools-for-stm32.12.3.rel1.win32_1.0.100.202403111256/tools/bin/../lib/gcc/arm-none-eabi/12.3.1/../../../../arm-none-eabi/lib/thumb/v7e-m+fp/hard\libc_nano.a(libc_a-exit.o)
                              C:/ST/STM32CubeIDE_1.15.0/STM32CubeIDE/plugins/com.st.stm32cube.ide.mcu.externaltools.gnu-tools-for-stm32.12.3.rel1.win32_1.0.100.202403111256/tools/bin/../lib/gcc/arm-none-eabi/12.3.1/../../../../arm-none-eabi/lib/thumb/v7e-m+fp/hard/crt0.o (exit)
C:/ST/STM32CubeIDE_1.15.0/STM32CubeIDE/plugins/com.st.stm32cube.ide.mcu.externaltools.gnu-tools-for-stm32.12.3.rel1.win32_1.0.100.202403111256/tools/bin/../lib/gcc/arm-none-eabi/12.3.1/../../../../arm-none-eabi/lib/thumb/v7e-m+fp/hard\libc_nano.a(libc_a-findfp.o)
                              ./Middlewares/Third_Party/FreeRTOS/Source/tasks.o (__sf)
C:/ST/STM32CubeIDE_1.15.0/STM32CubeIDE/plugins/com.st.stm32cube.ide.mcu.externaltools.gnu-tools-for-stm32.12.3.rel1.win32_1.0.100.202403111256/tools/bin/../lib/gcc/arm-none-eabi/12.3.1/../../../../arm-none-eabi/lib/thumb/v7e-m+fp/hard\libc_nano.a(libc_a-fwalk.o)
                              C:/ST/STM32CubeIDE_1.15.0/STM32CubeIDE/plugins/com.st.stm32cube.ide.mcu.externaltools.gnu-tools-for-stm32.12.3.rel1.win32_1.0.100.202403111256/tools/bin/../lib/gcc/arm-none-eabi/12.3.1/../../../../arm-none-eabi/lib/thumb/v7e-m+fp/hard\libc_nano.a(libc_a-findfp.o) (_fwalk_sglue)
C:/ST/STM32CubeIDE_1.15.0/STM32CubeIDE/plugins/com.st.stm32cube.ide.mcu.externaltools.gnu-tools-for-stm32.12.3.rel1.win32_1.0.100.202403111256/tools/bin/../lib/gcc/arm-none-eabi/12.3.1/../../../../arm-none-eabi/lib/thumb/v7e-m+fp/hard\libc_nano.a(libc_a-sprintf.o)
                              ./Core/Src/main.o (sprintf)
C:/ST/STM32CubeIDE_1.15.0/STM32CubeIDE/plugins/com.st.stm32cube.ide.mcu.externaltools.gnu-tools-for-stm32.12.3.rel1.win32_1.0.100.202403111256/tools/bin/../lib/gcc/arm-none-eabi/12.3.1/../../../../arm-none-eabi/lib/thumb/v7e-m+fp/hard\libc_nano.a(libc_a-stdio.o)
                              C:/ST/STM32CubeIDE_1.15.0/STM32CubeIDE/plugins/com.st.stm32cube.ide.mcu.externaltools.gnu-tools-for-stm32.12.3.rel1.win32_1.0.100.202403111256/tools/bin/../lib/gcc/arm-none-eabi/12.3.1/../../../../arm-none-eabi/lib/thumb/v7e-m+fp/hard\libc_nano.a(libc_a-findfp.o) (__sread)
C:/ST/STM32CubeIDE_1.15.0/STM32CubeIDE/plugins/com.st.stm32cube.ide.mcu.externaltools.gnu-tools-for-stm32.12.3.rel1.win32_1.0.100.202403111256/tools/bin/../lib/gcc/arm-none-eabi/12.3.1/../../../../arm-none-eabi/lib/thumb/v7e-m+fp/hard\libc_nano.a(libc_a-memset.o)
                              C:/ST/STM32CubeIDE_1.15.0/STM32CubeIDE/plugins/com.st.stm32cube.ide.mcu.externaltools.gnu-tools-for-stm32.12.3.rel1.win32_1.0.100.202403111256/tools/bin/../lib/gcc/arm-none-eabi/12.3.1/../../../../arm-none-eabi/lib/thumb/v7e-m+fp/hard/crt0.o (memset)
C:/ST/STM32CubeIDE_1.15.0/STM32CubeIDE/plugins/com.st.stm32cube.ide.mcu.externaltools.gnu-tools-for-stm32.12.3.rel1.win32_1.0.100.202403111256/tools/bin/../lib/gcc/arm-none-eabi/12.3.1/../../../../arm-none-eabi/lib/thumb/v7e-m+fp/hard\libc_nano.a(libc_a-strncpy.o)
                              ./Core/Src/main.o (strncpy)
C:/ST/STM32CubeIDE_1.15.0/STM32CubeIDE/plugins/com.st.stm32cube.ide.mcu.externaltools.gnu-tools-for-stm32.12.3.rel1.win32_1.0.100.202403111256/tools/bin/../lib/gcc/arm-none-eabi/12.3.1/../../../../arm-none-eabi/lib/thumb/v7e-m+fp/hard\libc_nano.a(libc_a-closer.o)
                              C:/ST/STM32CubeIDE_1.15.0/STM32CubeIDE/plugins/com.st.stm32cube.ide.mcu.externaltools.gnu-tools-for-stm32.12.3.rel1.win32_1.0.100.202403111256/tools/bin/../lib/gcc/arm-none-eabi/12.3.1/../../../../arm-none-eabi/lib/thumb/v7e-m+fp/hard\libc_nano.a(libc_a-stdio.o) (_close_r)
C:/ST/STM32CubeIDE_1.15.0/STM32CubeIDE/plugins/com.st.stm32cube.ide.mcu.externaltools.gnu-tools-for-stm32.12.3.rel1.win32_1.0.100.202403111256/tools/bin/../lib/gcc/arm-none-eabi/12.3.1/../../../../arm-none-eabi/lib/thumb/v7e-m+fp/hard\libc_nano.a(libc_a-reent.o)
                              ./Middlewares/Third_Party/FreeRTOS/Source/tasks.o (_reclaim_reent)
C:/ST/STM32CubeIDE_1.15.0/STM32CubeIDE/plugins/com.st.stm32cube.ide.mcu.externaltools.gnu-tools-for-stm32.12.3.rel1.win32_1.0.100.202403111256/tools/bin/../lib/gcc/arm-none-eabi/12.3.1/../../../../arm-none-eabi/lib/thumb/v7e-m+fp/hard\libc_nano.a(libc_a-impure.o)
                              ./Middlewares/Third_Party/FreeRTOS/Source/tasks.o (_impure_ptr)
C:/ST/STM32CubeIDE_1.15.0/STM32CubeIDE/plugins/com.st.stm32cube.ide.mcu.externaltools.gnu-tools-for-stm32.12.3.rel1.win32_1.0.100.202403111256/tools/bin/../lib/gcc/arm-none-eabi/12.3.1/../../../../arm-none-eabi/lib/thumb/v7e-m+fp/hard\libc_nano.a(libc_a-lseekr.o)
[...]
Memory Configuration

Name             Origin             Length             Attributes
RAM              0x20000000         0x00020000         xrw
FLASH            0x08000000         0x00080000         xr
*default*        0x00000000         0xffffffff

Linker script and memory map

LOAD C:/ST/STM32CubeIDE_1.15.0/STM32CubeIDE/plugins/com.st.stm32cube.ide.mcu.externaltools.gnu-tools-for-stm32.12.3.rel1.win32_1.0.100.202403111256/tools/bin/../lib/gcc/arm-none-eabi/12.3.1/thumb/v7e-m+fp/hard/crti.o
LOAD C:/ST/STM32CubeIDE_1.15.0/STM32CubeIDE/plugins/com.st.stm32cube.ide.mcu.externaltools.gnu-tools-for-stm32.12.3.rel1.win32_1.0.100.202403111256/tools/bin/../lib/gcc/arm-none-eabi/12.3.1/thumb/v7e-m+fp/hard/crtbegin.o
LOAD C:/ST/STM32CubeIDE_1.15.0/STM32CubeIDE/plugins/com.st.stm32cube.ide.mcu.externaltools.gnu-tools-for-stm32.12.3.rel1.win32_1.0.100.202403111256/tools/bin/../lib/gcc/arm-none-eabi/12.3.1/../../../../arm-none-eabi/lib/thumb/v7e-m+fp/hard/crt0.o
LOAD ./Core/Src/fatfs_sd.o
LOAD ./Core/Src/freertos.o
LOAD ./Core/Src/i2c-lcd.o
LOAD ./Core/Src/main.o
LOAD ./Core/Src/stm32f4xx_hal_msp.o
LOAD ./Core/Src/stm32f4xx_hal_timebase_tim.o
LOAD ./Core/Src/stm32f4xx_it.o
LOAD ./Core/Src/syscalls.o
LOAD ./Core/Src/sysmem.o
LOAD ./Core/Src/system_stm32f4xx.o
LOAD ./Core/Startup/startup_stm32f411retx.o
LOAD ./Drivers/STM32F4xx_HAL_Driver/Src/stm32f4xx_hal.o
LOAD ./Drivers/STM32F4xx_HAL_Driver/Src/stm32f4xx_hal_adc.o
LOAD ./Drivers/STM32F4xx_HAL_Driver/Src/stm32f4xx_hal_adc_ex.o
LOAD ./Drivers/STM32F4xx_HAL_Driver/Src/stm32f4xx_hal_cortex.o
LOAD ./Drivers/STM32F4xx_HAL_Driver/Src/stm32f4xx_hal_dma.o
LOAD ./Drivers/STM32F4xx_HAL_Driver/Src/stm32f4xx_hal_dma_ex.o
LOAD ./Drivers/STM32F4xx_HAL_Driver/Src/stm32f4xx_hal_exti.o
LOAD ./Drivers/STM32F4xx_HAL_Driver/Src/stm32f4xx_hal_flash.o
LOAD ./Drivers/STM32F4xx_HAL_Driver/Src/stm32f4xx_hal_flash_ex.o
LOAD ./Drivers/STM32F4xx_HAL_Driver/Src/stm32f4xx_hal_flash_ramfunc.o
LOAD ./Drivers/STM32F4xx_HAL_Driver/Src/stm32f4xx_hal_gpio.o
LOAD ./Drivers/STM32F4xx_HAL_Driver/Src/stm32f4xx_hal_i2c.o
LOAD ./Drivers/STM32F4xx_HAL_Driver/Src/stm32f4xx_hal_i2c_ex.o
LOAD ./Drivers/STM32F4xx_HAL_Driver/Src/stm32f4xx_hal_pwr.o
LOAD ./Drivers/STM32F4xx_HAL_Driver/Src/stm32f4xx_hal_pwr_ex.o
LOAD ./Drivers/STM32F4xx_HAL_Driver/Src/stm32f4xx_hal_rcc.o
LOAD ./Drivers/STM32F4xx_HAL_Driver/Src/stm32f4xx_hal_rcc_ex.o
LOAD ./Drivers/STM32F4xx_HAL_Driver/Src/stm32f4xx_hal_spi.o
LOAD ./Drivers/STM32F4xx_HAL_Driver/Src/stm32f4xx_hal_tim.o
LOAD ./Drivers/STM32F4xx_HAL_Driver/Src/stm32f4xx_hal_tim_ex.o
LOAD ./Drivers/STM32F4xx_HAL_Driver/Src/stm32f4xx_hal_uart.o
LOAD ./Drivers/STM32F4xx_HAL_Driver/Src/stm32f4xx_ll_adc.o
LOAD ./FATFS/App/fatfs.o
LOAD ./FATFS/Target/user_diskio.o
LOAD ./Middlewares/Third_Party/FatFs/src/diskio.o
LOAD ./Middlewares/Third_Party/FatFs/src/ff.o
LOAD ./Middlewares/Third_Party/FatFs/src/ff_gen_drv.o
LOAD ./Middlewares/Third_Party/FatFs/src/option/ccsbcs.o
LOAD ./Middlewares/Third_Party/FatFs/src/option/syscall.o
LOAD ./Middlewares/Third_Party/FreeRTOS/Source/CMSIS_RTOS_V2/cmsis_os2.o
LOAD ./Middlewares/Third_Party/FreeRTOS/Source/croutine.o
LOAD ./Middlewares/Third_Party/FreeRTOS/Source/event_groups.o
LOAD ./Middlewares/Third_Party/FreeRTOS/Source/list.o
LOAD ./Middlewares/Third_Party/FreeRTOS/Source/queue.o
LOAD ./Middlewares/Third_Party/FreeRTOS/Source/stream_buffer.o
LOAD ./Middlewares/Third_Party/FreeRTOS/Source/tasks.o
LOAD ./Middlewares/Third_Party/FreeRTOS/Source/timers.o
LOAD ./Middlewares/Third_Party/FreeRTOS/Source/portable/GCC/ARM_CM4F/port.o
LOAD ./Middlewares/Third_Party/FreeRTOS/Source/portable/MemMang/heap_4.o
START GROUP
LOAD C:/ST/STM32CubeIDE_1.15.0/STM32CubeIDE/plugins/com.st.stm32cube.ide.mcu.externaltools.gnu-tools-for-stm32.12.3.rel1.win32_1.0.100.202403111256/tools/bin/../lib/gcc/arm-none-eabi/12.3.1/../../../../arm-none-eabi/lib/thumb/v7e-m+fp/hard\libc_nano.a
LOAD C:/ST/STM32CubeIDE_1.15.0/STM32CubeIDE/plugins/com.st.stm32cube.ide.mcu.externaltools.gnu-tools-for-stm32.12.3.rel1.win32_1.0.100.202403111256/tools/bin/../lib/gcc/arm-none-eabi/12.3.1/../../../../arm-none-eabi/lib/thumb/v7e-m+fp/hard\libm.a
END GROUP
START GROUP
LOAD C:/ST/STM32CubeIDE_1.15.0/STM32CubeIDE/plugins/com.st.stm32cube.ide.mcu.externaltools.gnu-tools-for-stm32.12.3.rel1.win32_1.0.100.202403111256/tools/bin/../lib/gcc/arm-none-eabi/12.3.1/thumb/v7e-m+fp/hard\libgcc.a
LOAD C:/ST/STM32CubeIDE_1.15.0/STM32CubeIDE/plugins/com.st.stm32cube.ide.mcu.externaltools.gnu-tools-for-stm32.12.3.rel1.win32_1.0.100.202403111256/tools/bin/../lib/gcc/arm-none-eabi/12.3.1/../../../../arm-none-eabi/lib/thumb/v7e-m+fp/hard\libc_nano.a
END GROUP
START GROUP
LOAD C:/ST/STM32CubeIDE_1.15.0/STM32CubeIDE/plugins/com.st.stm32cube.ide.mcu.externaltools.gnu-tools-for-stm32.12.3.rel1.win32_1.0.100.202403111256/tools/bin/../lib/gcc/arm-none-eabi/12.3.1/thumb/v7e-m+fp/hard\libgcc.a
LOAD C:/ST/STM32CubeIDE_1.15.0/STM32CubeIDE/plugins/com.st.stm32cube.ide.mcu.externaltools.gnu-tools-for-stm32.12.3.rel1.win32_1.0.100.202403111256/tools/bin/../lib/gcc/arm-none-eabi/12.3.1/../../../../arm-none-eabi/lib/thumb/v7e-m+fp/hard\libc_nano.a
LOAD C:/ST/STM32CubeIDE_1.15.0/STM32CubeIDE/plugins/com.st.stm32cube.ide.mcu.externaltools.gnu-tools-for-stm32.12.3.rel1.win32_1.0.100.202403111256/tools/bin/../lib/gcc/arm-none-eabi/12.3.1/../../../../arm-none-eabi/lib/thumb/v7e-m+fp/hard\libnosys.a
END GROUP
START GROUP
LOAD C:/ST/STM32CubeIDE_1.15.0/STM32CubeIDE/plugins/com.st.stm32cube.ide.mcu.externaltools.gnu-tools-for-stm32.12.3.rel1.win32_1.0.100.202403111256/tools/bin/../lib/gcc/arm-none-eabi/12.3.1/thumb/v7e-m+fp/hard\libgcc.a
LOAD C:/ST/STM32CubeIDE_1.15.0/STM32CubeIDE/plugins/com.st.stm32cube.ide.mcu.externaltools.gnu-tools-for-stm32.12.3.rel1.win32_1.0.100.202403111256/tools/bin/../lib/gcc/arm-none-eabi/12.3.1/../../../../arm-none-eabi/lib/thumb/v7e-m+fp/hard\libc_nano.a
LOAD C:/ST/STM32CubeIDE_1.15.0/STM32CubeIDE/plugins/com.st.stm32cube.ide.mcu.externaltools.gnu-tools-for-stm32.12.3.rel1.win32_1.0.100.202403111256/tools/bin/../lib/gcc/arm-none-eabi/12.3.1/../../../../arm-none-eabi/lib/thumb/v7e-m+fp/hard\libnosys.a
END GROUP
LOAD C:/ST/STM32CubeIDE_1.15.0/STM32CubeIDE/plugins/com.st.stm32cube.ide.mcu.externaltools.gnu-tools-for-stm32.12.3.rel1.win32_1.0.100.202403111256/tools/bin/../lib/gcc/arm-none-eabi/12.3.1/thumb/v7e-m+fp/hard/crtend.o
LOAD C:/ST/STM32CubeIDE_1.15.0/STM32CubeIDE/plugins/com.st.stm32cube.ide.mcu.externaltools.gnu-tools-for-stm32.12.3.rel1.win32_1.0.100.202403111256/tools/bin/../lib/gcc/arm-none-eabi/12.3.1/thumb/v7e-m+fp/hard/crtn.o
                0x20020000                        _estack = (ORIGIN (RAM) + LENGTH (RAM))
                0x00000200                        _Min_Heap_Size = 0x200
                0x00000400                        _Min_Stack_Size = 0x400

.isr_vector     0x08000000      0x198
                0x08000000                        . = ALIGN (0x4)
 *(.isr_vector)
 .isr_vector    0x08000000      0x198 ./Core/Startup/startup_stm32f411retx.o
                0x08000000                g_pfnVectors
                0x08000198                        . = ALIGN (0x4)

.text           0x080001a0     0xdb54
                0x080001a0                        . = ALIGN (0x4)
 *(.text)
 .text          0x080001a0       0x40 C:/ST/STM32CubeIDE_1.15.0/STM32CubeIDE/plugins/com.st.stm32cube.ide.mcu.externaltools.gnu-tools-for-stm32.12.3.rel1.win32_1.0.100.202403111256/tools/bin/../lib/gcc/arm-none-eabi/12.3.1/thumb/v7e-m+fp/hard/crtbegin.o
 .text          0x080001e0       0xa0 C:/ST/STM32CubeIDE_1.15.0/STM32CubeIDE/plugins/com.st.stm32cube.ide.mcu.externaltools.gnu-tools-for-stm32.12.3.rel1.win32_1.0.100.202403111256/tools/bin/../lib/gcc/arm-none-eabi/12.3.1/../../../../arm-none-eabi/lib/thumb/v7e-m+fp/hard\libc_nano.a(libc_a-memchr.o)
                0x080001e0                memchr
 .text          0x08000280      0x254 C:/ST/STM32CubeIDE_1.15.0/STM32CubeIDE/plugins/com.st.stm32cube.ide.mcu.externaltools.gnu-tools-for-stm32.12.3.rel1.win32_1.0.100.202403111256/tools/bin/../lib/gcc/arm-none-eabi/12.3.1/thumb/v7e-m+fp/hard\libgcc.a(_arm_muldf3.o)
                0x08000280                __muldf3
                0x08000280                __aeabi_dmul
 .text          0x080004d4      0x378 C:/ST/STM32CubeIDE_1.15.0/STM32CubeIDE/plugins/com.st.stm32cube.ide.mcu.externaltools.gnu-tools-for-stm32.12.3.rel1.win32_1.0.100.202403111256/tools/bin/../lib/gcc/arm-none-eabi/12.3.1/thumb/v7e-m+fp/hard\libgcc.a(_arm_addsubdf3.o)
                0x080004d4                __aeabi_drsub
                0x080004dc                __aeabi_dsub
                0x080004dc                __subdf3
                0x080004e0                __aeabi_dadd
                0x080004e0                __adddf3
                0x08000758                __floatunsidf
                0x08000758                __aeabi_ui2d
                0x08000778                __floatsidf
                0x08000778                __aeabi_i2d
                0x0800079c                __aeabi_f2d
                0x0800079c                __extendsfdf2
                0x080007e0                __floatundidf
                0x080007e0                __aeabi_ul2d
                0x080007f0                __floatdidf
                0x080007f0                __aeabi_l2d
 .text          0x0800084c       0x40 C:/ST/STM32CubeIDE_1.15.0/STM32CubeIDE/plugins/com.st.stm32cube.ide.mcu.externaltools.gnu-tools-for-stm32.12.3.rel1.win32_1.0.100.202403111256/tools/bin/../lib/gcc/arm-none-eabi/12.3.1/thumb/v7e-m+fp/hard\libgcc.a(_arm_fixunsdfsi.o)
                0x0800084c                __aeabi_d2uiz
                0x0800084c                __fixunsdfsi
 .text          0x0800088c       0x30 C:/ST/STM32CubeIDE_1.15.0/STM32CubeIDE/plugins/com.st.stm32cube.ide.mcu.externaltools.gnu-tools-for-stm32.12.3.rel1.win32_1.0.100.202403111256/tools/bin/../lib/gcc/arm-none-eabi/12.3.1/thumb/v7e-m+fp/hard\libgcc.a(_aeabi_uldivmod.o)
                0x0800088c                __aeabi_uldivmod
 .text          0x080008bc      0x2bc C:/ST/STM32CubeIDE_1.15.0/STM32CubeIDE/plugins/com.st.stm32cube.ide.mcu.externaltools.gnu-tools-for-stm32.12.3.rel1.win32_1.0.100.202403111256/tools/bin/../lib/gcc/arm-none-eabi/12.3.1/thumb/v7e-m+fp/hard\libgcc.a(_udivmoddi4.o)
                0x080008bc                __udivmoddi4
 .text          0x08000b78        0x4 C:/ST/STM32CubeIDE_1.15.0/STM32CubeIDE/plugins/com.st.stm32cube.ide.mcu.externaltools.gnu-tools-for-stm32.12.3.rel1.win32_1.0.100.202403111256/tools/bin/../lib/gcc/arm-none-eabi/12.3.1/thumb/v7e-m+fp/hard\libgcc.a(_dvmd_tls.o)
                0x08000b78                __aeabi_idiv0
                0x08000b78                __aeabi_ldiv0
 *(.text*)
 .text.SELECT   0x08000b7c       0x18 ./Core/Src/fatfs_sd.o
 .text.DESELECT
                0x08000b94       0x18 ./Core/Src/fatfs_sd.o
 .text.SPI_TxByte
                0x08000bac       0x34 ./Core/Src/fatfs_sd.o
 .text.SPI_RxByte
                0x08000be0       0x3c ./Core/Src/fatfs_sd.o
 .text.SPI_RxBytePtr
                0x08000c1c       0x1c ./Core/Src/fatfs_sd.o
 .text.SD_ReadyWait
                0x08000c38       0x38 ./Core/Src/fatfs_sd.o
 .text.SD_PowerOn
                0x08000c70       0x98 ./Core/Src/fatfs_sd.o
 .text.SD_PowerOff
                0x08000d08       0x18 ./Core/Src/fatfs_sd.o
 .text.SD_CheckPower
                0x08000d20       0x18 ./Core/Src/fatfs_sd.o
 .text.SD_RxDataBlock
                0x08000d38       0x6c ./Core/Src/fatfs_sd.o
 .text.SD_TxDataBlock
                0x08000da4       0xa8 ./Core/Src/fatfs_sd.o
 .text.SD_SendCmd
                0x08000e4c       0xa4 ./Core/Src/fatfs_sd.o
 .text.SD_disk_initialize
                0x08000ef0      0x1d4 ./Core/Src/fatfs_sd.o
                0x08000ef0                SD_disk_initialize
 .text.SD_disk_status
                0x080010c4       0x2c ./Core/Src/fatfs_sd.o
                0x080010c4                SD_disk_status
 .text.SD_disk_read
                0x080010f0       0xd4 ./Core/Src/fatfs_sd.o
                0x080010f0                SD_disk_read
 .text.SD_disk_write
                0x080011c4      0x108 ./Core/Src/fatfs_sd.o
                0x080011c4                SD_disk_write
 .text.SD_disk_ioctl
                0x080012cc      0x260 ./Core/Src/fatfs_sd.o
                0x080012cc                SD_disk_ioctl
 .text.lcd_send_cmd
                0x0800152c       0x68 ./Core/Src/i2c-lcd.o
                0x0800152c                lcd_send_cmd
 .text.lcd_send_data
                0x08001594       0x64 ./Core/Src/i2c-lcd.o
                0x08001594                lcd_send_data
 .text.lcd_clear
                0x080015f8       0x14 ./Core/Src/i2c-lcd.o
                0x080015f8                lcd_clear
 .text.lcd_init
                0x0800160c       0x80 ./Core/Src/i2c-lcd.o
                0x0800160c                lcd_init
 .text.lcd_send_string
                0x0800168c       0x2e ./Core/Src/i2c-lcd.o
                0x0800168c                lcd_send_string
 *fill*         0x080016ba        0x2 
 .text.send_uart
                0x080016bc       0x40 ./Core/Src/main.o
                0x080016bc                send_uart
 .text.open_append
                0x080016fc       0x2c ./Core/Src/main.o
                0x080016fc                open_append
 .text.mount_sd_card
                0x08001728      0x144 ./Core/Src/main.o
                0x08001728                mount_sd_card
 .text.process_data
                0x0800186c       0x64 ./Core/Src/main.o
                0x0800186c                process_data
 .text.main     0x080018d0       0xbc ./Core/Src/main.o
                0x080018d0                main
 .text.SystemClock_Config
                0x0800198c       0xd0 ./Core/Src/main.o
                0x0800198c                SystemClock_Config
 .text.MX_ADC1_Init
                0x08001a5c       0xa4 ./Core/Src/main.o
 .text.MX_I2C1_Init
                0x08001b00       0x5c ./Core/Src/main.o
 .text.MX_SPI2_Init
                0x08001b5c       0x6c ./Core/Src/main.o
 .text.MX_TIM2_Init
                0x08001bc8       0x98 ./Core/Src/main.o
 .text.MX_USART2_UART_Init
                0x08001c60       0x54 ./Core/Src/main.o
 .text.MX_DMA_Init
                0x08001cb4       0x6c ./Core/Src/main.o
 .text.MX_GPIO_Init
                0x08001d20      0x130 ./Core/Src/main.o
 .text.HAL_ADC_ConvHalfCpltCallback
                0x08001e50       0x48 ./Core/Src/main.o
                0x08001e50                HAL_ADC_ConvHalfCpltCallback
 .text.HAL_ADC_ConvCpltCallback
                0x08001e98       0x58 ./Core/Src/main.o
                0x08001e98                HAL_ADC_ConvCpltCallback
 .text.HAL_GPIO_EXTI_Callback
                0x08001ef0       0x30 ./Core/Src/main.o
                0x08001ef0                HAL_GPIO_EXTI_Callback
 .text.StartProcessInput
                0x08001f20       0x44 ./Core/Src/main.o
                0x08001f20                StartProcessInput
 .text.StartSaveFile
                0x08001f64       0xf8 ./Core/Src/main.o
                0x08001f64                StartSaveFile
 .text.StartSendLCD
                0x0800205c       0x58 ./Core/Src/main.o
                0x0800205c                StartSendLCD
 .text.HAL_TIM_PeriodElapsedCallback
                0x080020b4       0x24 ./Core/Src/main.o
                0x080020b4                HAL_TIM_PeriodElapsedCallback
 .text.Error_Handler
                0x080020d8        0xc ./Core/Src/main.o
                0x080020d8                Error_Handler
 .text.HAL_MspInit
                0x080020e4       0x58 ./Core/Src/stm32f4xx_hal_msp.o
                0x080020e4                HAL_MspInit
 .text.HAL_ADC_MspInit
                0x0800213c       0xf0 ./Core/Src/stm32f4xx_hal_msp.o
                0x0800213c                HAL_ADC_MspInit
 .text.HAL_I2C_MspInit
                0x0800222c       0x90 ./Core/Src/stm32f4xx_hal_msp.o
                0x0800222c                HAL_I2C_MspInit
 .text.HAL_SPI_MspInit
                0x080022bc       0xd0 ./Core/Src/stm32f4xx_hal_msp.o
                0x080022bc                HAL_SPI_MspInit
 .text.HAL_TIM_Base_MspInit
                0x0800238c       0x40 ./Core/Src/stm32f4xx_hal_msp.o
                0x0800238c                HAL_TIM_Base_MspInit
 .text.HAL_UART_MspInit
                0x080023cc       0xf4 ./Core/Src/stm32f4xx_hal_msp.o
                0x080023cc                HAL_UART_MspInit
 .text.HAL_InitTick
                0x080024c0       0xe4 ./Core/Src/stm32f4xx_hal_timebase_tim.o
                0x080024c0                HAL_InitTick
 .text.NMI_Handler
                0x080025a4        0x8 ./Core/Src/stm32f4xx_it.o
                0x080025a4                NMI_Handler
 .text.HardFault_Handler
                0x080025ac        0x8 ./Core/Src/stm32f4xx_it.o
                0x080025ac                HardFault_Handler
 .text.MemManage_Handler
                0x080025b4        0x8 ./Core/Src/stm32f4xx_it.o
                0x080025b4                MemManage_Handler
 .text.BusFault_Handler
                0x080025bc        0x8 ./Core/Src/stm32f4xx_it.o
                0x080025bc                BusFault_Handler
 .text.UsageFault_Handler
                0x080025c4        0x8 ./Core/Src/stm32f4xx_it.o
                0x080025c4                UsageFault_Handler
 .text.DebugMon_Handler
                0x080025cc        0xe ./Core/Src/stm32f4xx_it.o
                0x080025cc                DebugMon_Handler
 *fill*         0x080025da        0x2 
 .text.DMA1_Stream6_IRQHandler
                0x080025dc       0x14 ./Core/Src/stm32f4xx_it.o
                0x080025dc                DMA1_Stream6_IRQHandler
 .text.TIM1_BRK_TIM9_IRQHandler
                0x080025f0       0x14 ./Core/Src/stm32f4xx_it.o
                0x080025f0                TIM1_BRK_TIM9_IRQHandler
 .text.EXTI15_10_IRQHandler
                0x08002604       0x10 ./Core/Src/stm32f4xx_it.o
                0x08002604                EXTI15_10_IRQHandler
 .text.DMA2_Stream0_IRQHandler
                0x08002614       0x14 ./Core/Src/stm32f4xx_it.o
                0x08002614                DMA2_Stream0_IRQHandler
 .text._sbrk    0x08002628       0x6c ./Core/Src/sysmem.o
                0x08002628                _sbrk
 .text.SystemInit
                0x08002694       0x24 ./Core/Src/system_stm32f4xx.o
                0x08002694                SystemInit
 .text.Reset_Handler
                0x080026b8       0x50 ./Core/Startup/startup_stm32f411retx.o
                0x080026b8                Reset_Handler
 .text.Default_Handler
                0x08002708        0x2 ./Core/Startup/startup_stm32f411retx.o
                0x08002708                RTC_Alarm_IRQHandler
                0x08002708                EXTI2_IRQHandler
                0x08002708                SPI4_IRQHandler
                0x08002708                TIM1_CC_IRQHandler
                0x08002708                DMA2_Stream5_IRQHandler
                0x08002708                DMA1_Stream5_IRQHandler
                0x08002708                PVD_IRQHandler
                0x08002708                SDIO_IRQHandler
                0x08002708                TAMP_STAMP_IRQHandler
                0x08002708                EXTI3_IRQHandler
                0x08002708                TIM1_UP_TIM10_IRQHandler
                0x08002708                I2C3_ER_IRQHandler
                0x08002708                EXTI0_IRQHandler
                0x08002708                I2C2_EV_IRQHandler
                0x08002708                DMA1_Stream2_IRQHandler
                0x08002708                FPU_IRQHandler
                0x08002708                DMA2_Stream2_IRQHandler
                0x08002708                SPI1_IRQHandler
                0x08002708                DMA2_Stream3_IRQHandler
                0x08002708                USART6_IRQHandler
                0x08002708                TIM4_IRQHandler
                0x08002708                I2C1_EV_IRQHandler
                0x08002708                DMA1_Stream1_IRQHandler
                0x08002708                TIM3_IRQHandler
                0x08002708                RCC_IRQHandler
                0x08002708                Default_Handler
                0x08002708                ADC_IRQHandler
                0x08002708                DMA1_Stream7_IRQHandler
                0x08002708                SPI5_IRQHandler
                0x08002708                TIM5_IRQHandler
                0x08002708                DMA2_Stream7_IRQHandler
                0x08002708                I2C3_EV_IRQHandler
                0x08002708                EXTI9_5_IRQHandler
                0x08002708                RTC_WKUP_IRQHandler
                0x08002708                SPI2_IRQHandler
                0x08002708                DMA1_Stream0_IRQHandler
                0x08002708                EXTI4_IRQHandler
                0x08002708                WWDG_IRQHandler
                0x08002708                TIM2_IRQHandler
                0x08002708                OTG_FS_WKUP_IRQHandler
                0x08002708                TIM1_TRG_COM_TIM11_IRQHandler
                0x08002708                EXTI1_IRQHandler
                0x08002708                USART2_IRQHandler
                0x08002708                I2C2_ER_IRQHandler
                0x08002708                DMA2_Stream1_IRQHandler
                0x08002708                FLASH_IRQHandler
                0x08002708                DMA2_Stream4_IRQHandler
                0x08002708                USART1_IRQHandler
                0x08002708                OTG_FS_IRQHandler
                0x08002708                SPI3_IRQHandler
                0x08002708                DMA1_Stream4_IRQHandler
                0x08002708                I2C1_ER_IRQHandler
                0x08002708                DMA2_Stream6_IRQHandler
                0x08002708                DMA1_Stream3_IRQHandler
 *fill*         0x0800270a        0x2 
 .text.HAL_Init
                0x0800270c       0x44 ./Drivers/STM32F4xx_HAL_Driver/Src/stm32f4xx_hal.o
                0x0800270c                HAL_Init
 .text.HAL_IncTick
                0x08002750       0x28 ./Drivers/STM32F4xx_HAL_Driver/Src/stm32f4xx_hal.o
                0x08002750                HAL_IncTick
 .text.HAL_GetTick
                0x08002778       0x18 ./Drivers/STM32F4xx_HAL_Driver/Src/stm32f4xx_hal.o
                0x08002778                HAL_GetTick
 .text.HAL_Delay
                0x08002790       0x48 ./Drivers/STM32F4xx_HAL_Driver/Src/stm32f4xx_hal.o
                0x08002790                HAL_Delay
 .text.HAL_ADC_Init
                0x080027d8       0x86 ./Drivers/STM32F4xx_HAL_Driver/Src/stm32f4xx_hal_adc.o
                0x080027d8                HAL_ADC_Init
 *fill*         0x0800285e        0x2 
 .text.HAL_ADC_Start_DMA
                0x08002860      0x1e0 ./Drivers/STM32F4xx_HAL_Driver/Src/stm32f4xx_hal_adc.o
                0x08002860                HAL_ADC_Start_DMA
 .text.HAL_ADC_ErrorCallback
                0x08002a40       0x14 ./Drivers/STM32F4xx_HAL_Driver/Src/stm32f4xx_hal_adc.o
                0x08002a40                HAL_ADC_ErrorCallback
 .text.HAL_ADC_ConfigChannel
                0x08002a54      0x264 ./Drivers/STM32F4xx_HAL_Driver/Src/stm32f4xx_hal_adc.o
                0x08002a54                HAL_ADC_ConfigChannel
 .text.ADC_Init
                0x08002cb8      0x1f8 ./Drivers/STM32F4xx_HAL_Driver/Src/stm32f4xx_hal_adc.o
 .text.ADC_DMAConvCplt
                0x08002eb0       0xba ./Drivers/STM32F4xx_HAL_Driver/Src/stm32f4xx_hal_adc.o
 .text.ADC_DMAHalfConvCplt
                0x08002f6a       0x1c ./Drivers/STM32F4xx_HAL_Driver/Src/stm32f4xx_hal_adc.o
 .text.ADC_DMAError
                0x08002f86       0x2e ./Drivers/STM32F4xx_HAL_Driver/Src/stm32f4xx_hal_adc.o
 .text.__NVIC_SetPriorityGrouping
                0x08002fb4       0x48 ./Drivers/STM32F4xx_HAL_Driver/Src/stm32f4xx_hal_cortex.o
 .text.__NVIC_GetPriorityGrouping
                0x08002ffc       0x1c ./Drivers/STM32F4xx_HAL_Driver/Src/stm32f4xx_hal_cortex.o
 .text.__NVIC_EnableIRQ
                0x08003018       0x3c ./Drivers/STM32F4xx_HAL_Driver/Src/stm32f4xx_hal_cortex.o
 .text.__NVIC_SetPriority
                0x08003054       0x54 ./Drivers/STM32F4xx_HAL_Driver/Src/stm32f4xx_hal_cortex.o
 .text.NVIC_EncodePriority
                0x080030a8       0x66 ./Drivers/STM32F4xx_HAL_Driver/Src/stm32f4xx_hal_cortex.o
 .text.HAL_NVIC_SetPriorityGrouping
                0x0800310e       0x16 ./Drivers/STM32F4xx_HAL_Driver/Src/stm32f4xx_hal_cortex.o
                0x0800310e                HAL_NVIC_SetPriorityGrouping
 .text.HAL_NVIC_SetPriority
                0x08003124       0x38 ./Drivers/STM32F4xx_HAL_Driver/Src/stm32f4xx_hal_cortex.o
                0x08003124                HAL_NVIC_SetPriority
 .text.HAL_NVIC_EnableIRQ
                0x0800315c       0x1c ./Drivers/STM32F4xx_HAL_Driver/Src/stm32f4xx_hal_cortex.o
                0x0800315c                HAL_NVIC_EnableIRQ
 .text.HAL_DMA_Init
                0x08003178      0x15c ./Drivers/STM32F4xx_HAL_Driver/Src/stm32f4xx_hal_dma.o
                0x08003178                HAL_DMA_Init
 .text.HAL_DMA_Start_IT
                0x080032d4       0xb0 ./Drivers/STM32F4xx_HAL_Driver/Src/stm32f4xx_hal_dma.o
                0x080032d4                HAL_DMA_Start_IT
 .text.HAL_DMA_IRQHandler
                0x08003384      0x314 ./Drivers/STM32F4xx_HAL_Driver/Src/stm32f4xx_hal_dma.o
                0x08003384                HAL_DMA_IRQHandler
 .text.DMA_SetConfig
                0x08003698       0x5c ./Drivers/STM32F4xx_HAL_Driver/Src/stm32f4xx_hal_dma.o
 .text.DMA_CalcBaseAndBitshift
                0x080036f4       0x6c ./Drivers/STM32F4xx_HAL_Driver/Src/stm32f4xx_hal_dma.o
 .text.DMA_CheckFifoParam
                0x08003760       0xf8 ./Drivers/STM32F4xx_HAL_Driver/Src/stm32f4xx_hal_dma.o
 .text.HAL_GPIO_Init
                0x08003858      0x308 ./Drivers/STM32F4xx_HAL_Driver/Src/stm32f4xx_hal_gpio.o
                0x08003858                HAL_GPIO_Init
 .text.HAL_GPIO_ReadPin
                0x08003b60       0x30 ./Drivers/STM32F4xx_HAL_Driver/Src/stm32f4xx_hal_gpio.o
                0x08003b60                HAL_GPIO_ReadPin
 .text.HAL_GPIO_WritePin
                0x08003b90       0x32 ./Drivers/STM32F4xx_HAL_Driver/Src/stm32f4xx_hal_gpio.o
                0x08003b90                HAL_GPIO_WritePin
 *fill*         0x08003bc2        0x2 
 .text.HAL_GPIO_EXTI_IRQHandler
                0x08003bc4       0x30 ./Drivers/STM32F4xx_HAL_Driver/Src/stm32f4xx_hal_gpio.o
                0x08003bc4                HAL_GPIO_EXTI_IRQHandler
 .text.HAL_I2C_Init
                0x08003bf4      0x288 ./Drivers/STM32F4xx_HAL_Driver/Src/stm32f4xx_hal_i2c.o
                0x08003bf4                HAL_I2C_Init
 .text.HAL_I2C_Master_Transmit
                0x08003e7c      0x1fc ./Drivers/STM32F4xx_HAL_Driver/Src/stm32f4xx_hal_i2c.o
                0x08003e7c                HAL_I2C_Master_Transmit
 .text.I2C_MasterRequestWrite
                0x08004078      0x104 ./Drivers/STM32F4xx_HAL_Driver/Src/stm32f4xx_hal_i2c.o
 .text.I2C_WaitOnFlagUntilTimeout
                0x0800417c       0xf4 ./Drivers/STM32F4xx_HAL_Driver/Src/stm32f4xx_hal_i2c.o
 .text.I2C_WaitOnMasterAddressFlagUntilTimeout
                0x08004270      0x140 ./Drivers/STM32F4xx_HAL_Driver/Src/stm32f4xx_hal_i2c.o
 .text.I2C_WaitOnTXEFlagUntilTimeout
                0x080043b0       0x90 ./Drivers/STM32F4xx_HAL_Driver/Src/stm32f4xx_hal_i2c.o
 .text.I2C_WaitOnBTFFlagUntilTimeout
                0x08004440       0x90 ./Drivers/STM32F4xx_HAL_Driver/Src/stm32f4xx_hal_i2c.o
 .text.I2C_IsAcknowledgeFailed
                0x080044d0       0x5e ./Drivers/STM32F4xx_HAL_Driver/Src/stm32f4xx_hal_i2c.o
 *fill*         0x0800452e        0x2 
 .text.HAL_RCC_OscConfig
                0x08004530      0x4f0 ./Drivers/STM32F4xx_HAL_Driver/Src/stm32f4xx_hal_rcc.o
                0x08004530                HAL_RCC_OscConfig
 .text.HAL_RCC_ClockConfig
                0x08004a20      0x1cc ./Drivers/STM32F4xx_HAL_Driver/Src/stm32f4xx_hal_rcc.o
                0x08004a20                HAL_RCC_ClockConfig
 .text.HAL_RCC_GetSysClockFreq
                0x08004bec      0x20c ./Drivers/STM32F4xx_HAL_Driver/Src/stm32f4xx_hal_rcc.o
                0x08004bec                HAL_RCC_GetSysClockFreq
 .text.HAL_RCC_GetHCLKFreq
                0x08004df8       0x18 ./Drivers/STM32F4xx_HAL_Driver/Src/stm32f4xx_hal_rcc.o
                0x08004df8                HAL_RCC_GetHCLKFreq
 .text.HAL_RCC_GetPCLK1Freq
                0x08004e10       0x28 ./Drivers/STM32F4xx_HAL_Driver/Src/stm32f4xx_hal_rcc.o
                0x08004e10                HAL_RCC_GetPCLK1Freq
 .text.HAL_RCC_GetPCLK2Freq
                0x08004e38       0x28 ./Drivers/STM32F4xx_HAL_Driver/Src/stm32f4xx_hal_rcc.o
                0x08004e38                HAL_RCC_GetPCLK2Freq
 .text.HAL_RCC_GetClockConfig
                0x08004e60       0x64 ./Drivers/STM32F4xx_HAL_Driver/Src/stm32f4xx_hal_rcc.o
                0x08004e60                HAL_RCC_GetClockConfig
 .text.HAL_SPI_Init
                0x08004ec4      0x112 ./Drivers/STM32F4xx_HAL_Driver/Src/stm32f4xx_hal_spi.o
                0x08004ec4                HAL_SPI_Init
 .text.HAL_SPI_Transmit
                0x08004fd6      0x286 ./Drivers/STM32F4xx_HAL_Driver/Src/stm32f4xx_hal_spi.o
                0x08004fd6                HAL_SPI_Transmit
 .text.HAL_SPI_TransmitReceive
                0x0800525c      0x360 ./Drivers/STM32F4xx_HAL_Driver/Src/stm32f4xx_hal_spi.o
                0x0800525c                HAL_SPI_TransmitReceive
 .text.HAL_SPI_GetState
                0x080055bc       0x1c ./Drivers/STM32F4xx_HAL_Driver/Src/stm32f4xx_hal_spi.o
                0x080055bc                HAL_SPI_GetState
 .text.SPI_WaitFlagStateUntilTimeout
                0x080055d8      0x110 ./Drivers/STM32F4xx_HAL_Driver/Src/stm32f4xx_hal_spi.o
 .text.SPI_EndRxTxTransaction
                0x080056e8       0xa8 ./Drivers/STM32F4xx_HAL_Driver/Src/stm32f4xx_hal_spi.o
 .text.HAL_TIM_Base_Init
                0x08005790       0x9e ./Drivers/STM32F4xx_HAL_Driver/Src/stm32f4xx_hal_tim.o
                0x08005790                HAL_TIM_Base_Init
 *fill*         0x0800582e        0x2 
 .text.HAL_TIM_Base_Start
                0x08005830       0xb4 ./Drivers/STM32F4xx_HAL_Driver/Src/stm32f4xx_hal_tim.o
                0x08005830                HAL_TIM_Base_Start
 .text.HAL_TIM_Base_Start_IT
                0x080058e4       0xc4 ./Drivers/STM32F4xx_HAL_Driver/Src/stm32f4xx_hal_tim.o
                0x080058e4                HAL_TIM_Base_Start_IT
 .text.HAL_TIM_IRQHandler
                0x080059a8      0x1e0 ./Drivers/STM32F4xx_HAL_Driver/Src/stm32f4xx_hal_tim.o
                0x080059a8                HAL_TIM_IRQHandler
 .text.HAL_TIM_ConfigClockSource
                0x08005b88      0x18e ./Drivers/STM32F4xx_HAL_Driver/Src/stm32f4xx_hal_tim.o
                0x08005b88                HAL_TIM_ConfigClockSource
 .text.HAL_TIM_OC_DelayElapsedCallback
                0x08005d16       0x14 ./Drivers/STM32F4xx_HAL_Driver/Src/stm32f4xx_hal_tim.o
                0x08005d16                HAL_TIM_OC_DelayElapsedCallback
 .text.HAL_TIM_IC_CaptureCallback
                0x08005d2a       0x14 ./Drivers/STM32F4xx_HAL_Driver/Src/stm32f4xx_hal_tim.o
                0x08005d2a                HAL_TIM_IC_CaptureCallback
 .text.HAL_TIM_PWM_PulseFinishedCallback
                0x08005d3e       0x14 ./Drivers/STM32F4xx_HAL_Driver/Src/stm32f4xx_hal_tim.o
                0x08005d3e                HAL_TIM_PWM_PulseFinishedCallback
 .text.HAL_TIM_TriggerCallback
                0x08005d52       0x14 ./Drivers/STM32F4xx_HAL_Driver/Src/stm32f4xx_hal_tim.o
                0x08005d52                HAL_TIM_TriggerCallback
 *fill*         0x08005d66        0x2 
 .text.TIM_Base_SetConfig
                0x08005d68      0x118 ./Drivers/STM32F4xx_HAL_Driver/Src/stm32f4xx_hal_tim.o
                0x08005d68                TIM_Base_SetConfig
 .text.TIM_TI1_ConfigInputStage
                0x08005e80       0x5e ./Drivers/STM32F4xx_HAL_Driver/Src/stm32f4xx_hal_tim.o
 .text.TIM_TI2_ConfigInputStage
                0x08005ede       0x60 ./Drivers/STM32F4xx_HAL_Driver/Src/stm32f4xx_hal_tim.o
 .text.TIM_ITRx_SetConfig
                0x08005f3e       0x36 ./Drivers/STM32F4xx_HAL_Driver/Src/stm32f4xx_hal_tim.o
 .text.TIM_ETR_SetConfig
                0x08005f74       0x40 ./Drivers/STM32F4xx_HAL_Driver/Src/stm32f4xx_hal_tim.o
                0x08005f74                TIM_ETR_SetConfig
 .text.HAL_TIMEx_MasterConfigSynchronization
                0x08005fb4       0xdc ./Drivers/STM32F4xx_HAL_Driver/Src/stm32f4xx_hal_tim_ex.o
                0x08005fb4                HAL_TIMEx_MasterConfigSynchronization
 .text.HAL_TIMEx_CommutCallback
                0x08006090       0x14 ./Drivers/STM32F4xx_HAL_Driver/Src/stm32f4xx_hal_tim_ex.o
                0x08006090                HAL_TIMEx_CommutCallback
 .text.HAL_TIMEx_BreakCallback
                0x080060a4       0x14 ./Drivers/STM32F4xx_HAL_Driver/Src/stm32f4xx_hal_tim_ex.o
                0x080060a4                HAL_TIMEx_BreakCallback
 .text.HAL_UART_Init
                0x080060b8       0xa0 ./Drivers/STM32F4xx_HAL_Driver/Src/stm32f4xx_hal_uart.o
                0x080060b8                HAL_UART_Init
 .text.HAL_UART_Transmit
                0x08006158      0x116 ./Drivers/STM32F4xx_HAL_Driver/Src/stm32f4xx_hal_uart.o
                0x08006158                HAL_UART_Transmit
 .text.UART_WaitOnFlagUntilTimeout
                0x0800626e       0xb2 ./Drivers/STM32F4xx_HAL_Driver/Src/stm32f4xx_hal_uart.o
 .text.UART_EndRxTransfer
                0x08006320       0xc6 ./Drivers/STM32F4xx_HAL_Driver/Src/stm32f4xx_hal_uart.o
 *fill*         0x080063e6        0x2 
 .text.UART_SetConfig
                0x080063e8      0x4e8 ./Drivers/STM32F4xx_HAL_Driver/Src/stm32f4xx_hal_uart.o
 .text.MX_FATFS_Init
                0x080068d0       0x24 ./FATFS/App/fatfs.o
                0x080068d0                MX_FATFS_Init
 .text.get_fattime
                0x080068f4       0x10 ./FATFS/App/fatfs.o
                0x080068f4                get_fattime
 .text.USER_initialize
                0x08006904       0x2c ./FATFS/Target/user_diskio.o
                0x08006904                USER_initialize
 .text.USER_status
                0x08006930       0x1c ./FATFS/Target/user_diskio.o
                0x08006930                USER_status
 .text.USER_read
                0x0800694c       0x26 ./FATFS/Target/user_diskio.o
                0x0800694c                USER_read
 .text.USER_write
                0x08006972       0x26 ./FATFS/Target/user_diskio.o
                0x08006972                USER_write
 .text.USER_ioctl
                0x08006998       0x26 ./FATFS/Target/user_diskio.o
                0x08006998                USER_ioctl
 *fill*         0x080069be        0x2 
 .text.disk_status
                0x080069c0       0x34 ./Middlewares/Third_Party/FatFs/src/diskio.o
                0x080069c0                disk_status
 .text.disk_initialize
                0x080069f4       0x50 ./Middlewares/Third_Party/FatFs/src/diskio.o
                0x080069f4                disk_initialize
 .text.disk_read
                0x08006a44       0x40 ./Middlewares/Third_Party/FatFs/src/diskio.o
                0x08006a44                disk_read
 .text.disk_write
                0x08006a84       0x40 ./Middlewares/Third_Party/FatFs/src/diskio.o
                0x08006a84                disk_write
 .text.disk_ioctl
                0x08006ac4       0x3c ./Middlewares/Third_Party/FatFs/src/diskio.o
                0x08006ac4                disk_ioctl
 .text.ld_word  0x08006b00       0x30 ./Middlewares/Third_Party/FatFs/src/ff.o
 .text.ld_dword
                0x08006b30       0x46 ./Middlewares/Third_Party/FatFs/src/ff.o
 .text.st_word  0x08006b76       0x36 ./Middlewares/Third_Party/FatFs/src/ff.o
 .text.st_dword
                0x08006bac       0x58 ./Middlewares/Third_Party/FatFs/src/ff.o
 .text.mem_cpy  0x08006c04       0x42 ./Middlewares/Third_Party/FatFs/src/ff.o
 .text.mem_set  0x08006c46       0x36 ./Middlewares/Third_Party/FatFs/src/ff.o
 .text.mem_cmp  0x08006c7c       0x4e ./Middlewares/Third_Party/FatFs/src/ff.o
 .text.chk_chr  0x08006cca       0x36 ./Middlewares/Third_Party/FatFs/src/ff.o
 .text.lock_fs  0x08006d00       0x2c ./Middlewares/Third_Party/FatFs/src/ff.o
 .text.unlock_fs
                0x08006d2c       0x36 ./Middlewares/Third_Party/FatFs/src/ff.o
 *fill*         0x08006d62        0x2 
 .text.chk_lock
                0x08006d64       0xb8 ./Middlewares/Third_Party/FatFs/src/ff.o
 .text.enq_lock
                0x08006e1c       0x44 ./Middlewares/Third_Party/FatFs/src/ff.o
 .text.inc_lock
                0x08006e60      0x11c ./Middlewares/Third_Party/FatFs/src/ff.o
 .text.dec_lock
                0x08006f7c       0x78 ./Middlewares/Third_Party/FatFs/src/ff.o
 .text.clear_lock
                0x08006ff4       0x48 ./Middlewares/Third_Party/FatFs/src/ff.o
 .text.sync_window
                0x0800703c       0x88 ./Middlewares/Third_Party/FatFs/src/ff.o
 .text.move_window
                0x080070c4       0x5a ./Middlewares/Third_Party/FatFs/src/ff.o
 *fill*         0x0800711e        0x2 
 .text.sync_fs  0x08007120       0xe0 ./Middlewares/Third_Party/FatFs/src/ff.o
 .text.clust2sect
                0x08007200       0x3e ./Middlewares/Third_Party/FatFs/src/ff.o
 .text.get_fat  0x0800723e      0x1a6 ./Middlewares/Third_Party/FatFs/src/ff.o
 .text.put_fat  0x080073e4      0x234 ./Middlewares/Third_Party/FatFs/src/ff.o
 .text.remove_chain
                0x08007618       0xca ./Middlewares/Third_Party/FatFs/src/ff.o
 .text.create_chain
                0x080076e2      0x130 ./Middlewares/Third_Party/FatFs/src/ff.o
 .text.clmt_clust
                0x08007812       0x70 ./Middlewares/Third_Party/FatFs/src/ff.o
 .text.dir_sdi  0x08007882      0x112 ./Middlewares/Third_Party/FatFs/src/ff.o
 .text.dir_next
                0x08007994      0x1ac ./Middlewares/Third_Party/FatFs/src/ff.o
 .text.dir_alloc
                0x08007b40       0x8e ./Middlewares/Third_Party/FatFs/src/ff.o
 .text.ld_clust
                0x08007bce       0x3e ./Middlewares/Third_Party/FatFs/src/ff.o
 .text.st_clust
                0x08007c0c       0x40 ./Middlewares/Third_Party/FatFs/src/ff.o
 .text.cmp_lfn  0x08007c4c       0xe0 ./Middlewares/Third_Party/FatFs/src/ff.o
 .text.put_lfn  0x08007d2c       0xd0 ./Middlewares/Third_Party/FatFs/src/ff.o
 .text.gen_numname
                0x08007dfc      0x11c ./Middlewares/Third_Party/FatFs/src/ff.o
 .text.sum_sfn  0x08007f18       0x42 ./Middlewares/Third_Party/FatFs/src/ff.o
 .text.dir_find
                0x08007f5a      0x180 ./Middlewares/Third_Party/FatFs/src/ff.o
 *fill*         0x080080da        0x2 
 .text.dir_register
                0x080080dc      0x1f0 ./Middlewares/Third_Party/FatFs/src/ff.o
 .text.create_name
                0x080082cc      0x370 ./Middlewares/Third_Party/FatFs/src/ff.o
 .text.follow_path
                0x0800863c       0xec ./Middlewares/Third_Party/FatFs/src/ff.o
 .text.get_ldnumber
                0x08008728       0x88 ./Middlewares/Third_Party/FatFs/src/ff.o
 .text.check_fs
                0x080087b0       0xac ./Middlewares/Third_Party/FatFs/src/ff.o
 .text.find_volume
                0x0800885c      0x510 ./Middlewares/Third_Party/FatFs/src/ff.o
 .text.validate
                0x08008d6c       0x8e ./Middlewares/Third_Party/FatFs/src/ff.o
 *fill*         0x08008dfa        0x2 
 .text.f_mount  0x08008dfc       0xc8 ./Middlewares/Third_Party/FatFs/src/ff.o
                0x08008dfc                f_mount
 .text.f_open   0x08008ec4      0x3c8 ./Middlewares/Third_Party/FatFs/src/ff.o
                0x08008ec4                f_open
 .text.f_write  0x0800928c      0x386 ./Middlewares/Third_Party/FatFs/src/ff.o
                0x0800928c                f_write
 .text.f_sync   0x08009612      0x112 ./Middlewares/Third_Party/FatFs/src/ff.o
                0x08009612                f_sync
 .text.f_close  0x08009724       0x5e ./Middlewares/Third_Party/FatFs/src/ff.o
                0x08009724                f_close
 .text.f_getfree
                0x08009782      0x178 ./Middlewares/Third_Party/FatFs/src/ff.o
                0x08009782                f_getfree
 *fill*         0x080098fa        0x2 
 .text.FATFS_LinkDriverEx
                0x080098fc       0x98 ./Middlewares/Third_Party/FatFs/src/ff_gen_drv.o
                0x080098fc                FATFS_LinkDriverEx
 .text.FATFS_LinkDriver
                0x08009994       0x1e ./Middlewares/Third_Party/FatFs/src/ff_gen_drv.o
                0x08009994                FATFS_LinkDriver
 *fill*         0x080099b2        0x2 
 .text.ff_convert
                0x080099b4       0x78 ./Middlewares/Third_Party/FatFs/src/option/ccsbcs.o
                0x080099b4                ff_convert
 .text.ff_wtoupper
                0x08009a2c      0x114 ./Middlewares/Third_Party/FatFs/src/option/ccsbcs.o
                0x08009a2c                ff_wtoupper
 .text.ff_cre_syncobj
                0x08009b40       0x36 ./Middlewares/Third_Party/FatFs/src/option/syscall.o
                0x08009b40                ff_cre_syncobj
 .text.ff_del_syncobj
                0x08009b76       0x18 ./Middlewares/Third_Party/FatFs/src/option/syscall.o
                0x08009b76                ff_del_syncobj
 .text.ff_req_grant
                0x08009b8e       0x2a ./Middlewares/Third_Party/FatFs/src/option/syscall.o
                0x08009b8e                ff_req_grant
 .text.ff_rel_grant
                0x08009bb8       0x16 ./Middlewares/Third_Party/FatFs/src/option/syscall.o
                0x08009bb8                ff_rel_grant
 .text.ff_memalloc
                0x08009bce       0x18 ./Middlewares/Third_Party/FatFs/src/option/syscall.o
                0x08009bce                ff_memalloc
 .text.ff_memfree
                0x08009be6       0x16 ./Middlewares/Third_Party/FatFs/src/option/syscall.o
                0x08009be6                ff_memfree
 .text.__NVIC_SetPriority
                0x08009bfc       0x54 ./Middlewares/Third_Party/FreeRTOS/Source/CMSIS_RTOS_V2/cmsis_os2.o
 .text.SysTick_Handler
                0x08009c50       0x20 ./Middlewares/Third_Party/FreeRTOS/Source/CMSIS_RTOS_V2/cmsis_os2.o
                0x08009c50                SysTick_Handler
 .text.SVC_Setup
                0x08009c70       0x12 ./Middlewares/Third_Party/FreeRTOS/Source/CMSIS_RTOS_V2/cmsis_os2.o
 *fill*         0x08009c82        0x2 
 .text.osKernelInitialize
                0x08009c84       0x48 ./Middlewares/Third_Party/FreeRTOS/Source/CMSIS_RTOS_V2/cmsis_os2.o
                0x08009c84                osKernelInitialize
 .text.osKernelStart
                0x08009ccc       0x4c ./Middlewares/Third_Party/FreeRTOS/Source/CMSIS_RTOS_V2/cmsis_os2.o
                0x08009ccc                osKernelStart
 .text.osThreadNew
                0x08009d18      0x124 ./Middlewares/Third_Party/FreeRTOS/Source/CMSIS_RTOS_V2/cmsis_os2.o
                0x08009d18                osThreadNew
 .text.osDelay  0x08009e3c       0x36 ./Middlewares/Third_Party/FreeRTOS/Source/CMSIS_RTOS_V2/cmsis_os2.o
                0x08009e3c                osDelay
 .text.osSemaphoreNew
                0x08009e72      0x112 ./Middlewares/Third_Party/FreeRTOS/Source/CMSIS_RTOS_V2/cmsis_os2.o
                0x08009e72                osSemaphoreNew
 .text.osSemaphoreAcquire
                0x08009f84       0xa4 ./Middlewares/Third_Party/FreeRTOS/Source/CMSIS_RTOS_V2/cmsis_os2.o
                0x08009f84                osSemaphoreAcquire
 .text.osSemaphoreRelease
                0x0800a028       0x88 ./Middlewares/Third_Party/FreeRTOS/Source/CMSIS_RTOS_V2/cmsis_os2.o
                0x0800a028                osSemaphoreRelease
 .text.osSemaphoreDelete
                0x0800a0b0       0x48 ./Middlewares/Third_Party/FreeRTOS/Source/CMSIS_RTOS_V2/cmsis_os2.o
                0x0800a0b0                osSemaphoreDelete
 .text.vApplicationGetIdleTaskMemory
                0x0800a0f8       0x34 ./Middlewares/Third_Party/FreeRTOS/Source/CMSIS_RTOS_V2/cmsis_os2.o
                0x0800a0f8                vApplicationGetIdleTaskMemory
 .text.vApplicationGetTimerTaskMemory
                0x0800a12c       0x34 ./Middlewares/Third_Party/FreeRTOS/Source/CMSIS_RTOS_V2/cmsis_os2.o
                0x0800a12c                vApplicationGetTimerTaskMemory
 .text.vListInitialise
                0x0800a160       0x40 ./Middlewares/Third_Party/FreeRTOS/Source/list.o
                0x0800a160                vListInitialise
 .text.vListInitialiseItem
                0x0800a1a0       0x1a ./Middlewares/Third_Party/FreeRTOS/Source/list.o
                0x0800a1a0                vListInitialiseItem
 .text.vListInsertEnd
                0x0800a1ba       0x48 ./Middlewares/Third_Party/FreeRTOS/Source/list.o
                0x0800a1ba                vListInsertEnd
 .text.vListInsert
                0x0800a202       0x72 ./Middlewares/Third_Party/FreeRTOS/Source/list.o
                0x0800a202                vListInsert
 .text.uxListRemove
                0x0800a274       0x54 ./Middlewares/Third_Party/FreeRTOS/Source/list.o
                0x0800a274                uxListRemove
 .text.xQueueGenericReset
                0x0800a2c8       0xd4 ./Middlewares/Third_Party/FreeRTOS/Source/queue.o
                0x0800a2c8                xQueueGenericReset
 .text.xQueueGenericCreateStatic
                0x0800a39c       0xfa ./Middlewares/Third_Party/FreeRTOS/Source/queue.o
                0x0800a39c                xQueueGenericCreateStatic
 .text.xQueueGenericCreate
                0x0800a496       0x76 ./Middlewares/Third_Party/FreeRTOS/Source/queue.o
                0x0800a496                xQueueGenericCreate
 .text.prvInitialiseNewQueue
                0x0800a50c       0x46 ./Middlewares/Third_Party/FreeRTOS/Source/queue.o
 .text.xQueueCreateCountingSemaphoreStatic
                0x0800a552       0x72 ./Middlewares/Third_Party/FreeRTOS/Source/queue.o
                0x0800a552                xQueueCreateCountingSemaphoreStatic
 .text.xQueueCreateCountingSemaphore
                0x0800a5c4       0x6a ./Middlewares/Third_Party/FreeRTOS/Source/queue.o
                0x0800a5c4                xQueueCreateCountingSemaphore
 *fill*         0x0800a62e        0x2 
 .text.xQueueGenericSend
                0x0800a630      0x204 ./Middlewares/Third_Party/FreeRTOS/Source/queue.o
                0x0800a630                xQueueGenericSend
 .text.xQueueGenericSendFromISR
                0x0800a834      0x13c ./Middlewares/Third_Party/FreeRTOS/Source/queue.o
                0x0800a834                xQueueGenericSendFromISR
 .text.xQueueGiveFromISR
                0x0800a970      0x120 ./Middlewares/Third_Party/FreeRTOS/Source/queue.o
                0x0800a970                xQueueGiveFromISR
 .text.xQueueReceive
                0x0800aa90      0x1c4 ./Middlewares/Third_Party/FreeRTOS/Source/queue.o
                0x0800aa90                xQueueReceive
 .text.xQueueSemaphoreTake
                0x0800ac54      0x220 ./Middlewares/Third_Party/FreeRTOS/Source/queue.o
                0x0800ac54                xQueueSemaphoreTake
 .text.xQueueReceiveFromISR
                0x0800ae74      0x104 ./Middlewares/Third_Party/FreeRTOS/Source/queue.o
                0x0800ae74                xQueueReceiveFromISR
 .text.vQueueDelete
                0x0800af78       0x48 ./Middlewares/Third_Party/FreeRTOS/Source/queue.o
                0x0800af78                vQueueDelete
 .text.prvGetDisinheritPriorityAfterTimeout
                0x0800afc0       0x30 ./Middlewares/Third_Party/FreeRTOS/Source/queue.o
 .text.prvCopyDataToQueue
                0x0800aff0       0xd4 ./Middlewares/Third_Party/FreeRTOS/Source/queue.o
 .text.prvCopyDataFromQueue
                0x0800b0c4       0x4c ./Middlewares/Third_Party/FreeRTOS/Source/queue.o
 .text.prvUnlockQueue
                0x0800b110       0xa4 ./Middlewares/Third_Party/FreeRTOS/Source/queue.o
 .text.prvIsQueueEmpty
                0x0800b1b4       0x2c ./Middlewares/Third_Party/FreeRTOS/Source/queue.o
 .text.prvIsQueueFull
                0x0800b1e0       0x30 ./Middlewares/Third_Party/FreeRTOS/Source/queue.o
 .text.vQueueAddToRegistry
                0x0800b210       0x54 ./Middlewares/Third_Party/FreeRTOS/Source/queue.o
                0x0800b210                vQueueAddToRegistry
 .text.vQueueUnregisterQueue
                0x0800b264       0x54 ./Middlewares/Third_Party/FreeRTOS/Source/queue.o
                0x0800b264                vQueueUnregisterQueue
 .text.vQueueWaitForMessageRestricted
                0x0800b2b8       0x68 ./Middlewares/Third_Party/FreeRTOS/Source/queue.o
                0x0800b2b8                vQueueWaitForMessageRestricted
 .text.xTaskCreateStatic
                0x0800b320       0xc0 ./Middlewares/Third_Party/FreeRTOS/Source/tasks.o
                0x0800b320                xTaskCreateStatic
 .text.xTaskCreate
                0x0800b3e0       0x8a ./Middlewares/Third_Party/FreeRTOS/Source/tasks.o
                0x0800b3e0                xTaskCreate
 *fill*         0x0800b46a        0x2 
 .text.prvInitialiseNewTask
                0x0800b46c      0x150 ./Middlewares/Third_Party/FreeRTOS/Source/tasks.o
 .text.prvAddNewTaskToReadyList
                0x0800b5bc       0xe0 ./Middlewares/Third_Party/FreeRTOS/Source/tasks.o
 .text.vTaskDelay
                0x0800b69c       0x6c ./Middlewares/Third_Party/FreeRTOS/Source/tasks.o
                0x0800b69c                vTaskDelay
 .text.vTaskStartScheduler
                0x0800b708       0xe0 ./Middlewares/Third_Party/FreeRTOS/Source/tasks.o
                0x0800b708                vTaskStartScheduler
 .text.vTaskSuspendAll
                0x0800b7e8       0x1c ./Middlewares/Third_Party/FreeRTOS/Source/tasks.o
                0x0800b7e8                vTaskSuspendAll
 .text.xTaskResumeAll
                0x0800b804      0x13c ./Middlewares/Third_Party/FreeRTOS/Source/tasks.o
                0x0800b804                xTaskResumeAll
 .text.xTaskGetTickCount
                0x0800b940       0x20 ./Middlewares/Third_Party/FreeRTOS/Source/tasks.o
                0x0800b940                xTaskGetTickCount
 .text.xTaskIncrementTick
                0x0800b960      0x174 ./Middlewares/Third_Party/FreeRTOS/Source/tasks.o
                0x0800b960                xTaskIncrementTick
 .text.vTaskSwitchContext
                0x0800bad4       0xcc ./Middlewares/Third_Party/FreeRTOS/Source/tasks.o
                0x0800bad4                vTaskSwitchContext
 .text.vTaskPlaceOnEventList
                0x0800bba0       0x4c ./Middlewares/Third_Party/FreeRTOS/Source/tasks.o
                0x0800bba0                vTaskPlaceOnEventList
 .text.vTaskPlaceOnEventListRestricted
                0x0800bbec       0x58 ./Middlewares/Third_Party/FreeRTOS/Source/tasks.o
                0x0800bbec                vTaskPlaceOnEventListRestricted
 .text.xTaskRemoveFromEventList
                0x0800bc44       0xc8 ./Middlewares/Third_Party/FreeRTOS/Source/tasks.o
                0x0800bc44                xTaskRemoveFromEventList
 .text.vTaskInternalSetTimeOutState
                0x0800bd0c       0x2c ./Middlewares/Third_Party/FreeRTOS/Source/tasks.o
                0x0800bd0c                vTaskInternalSetTimeOutState
 .text.xTaskCheckForTimeOut
                0x0800bd38       0xc8 ./Middlewares/Third_Party/FreeRTOS/Source/tasks.o
                0x0800bd38                xTaskCheckForTimeOut
 .text.vTaskMissedYield
                0x0800be00       0x18 ./Middlewares/Third_Party/FreeRTOS/Source/tasks.o
                0x0800be00                vTaskMissedYield
 .text.prvIdleTask
                0x0800be18       0x30 ./Middlewares/Third_Party/FreeRTOS/Source/tasks.o
 .text.prvInitialiseTaskLists
                0x0800be48       0x80 ./Middlewares/Third_Party/FreeRTOS/Source/tasks.o
 .text.prvCheckTasksWaitingTermination
                0x0800bec8       0x5c ./Middlewares/Third_Party/FreeRTOS/Source/tasks.o
 .text.prvDeleteTCB
                0x0800bf24       0x6a ./Middlewares/Third_Party/FreeRTOS/Source/tasks.o
 *fill*         0x0800bf8e        0x2 
 .text.prvResetNextTaskUnblockTime
                0x0800bf90       0x40 ./Middlewares/Third_Party/FreeRTOS/Source/tasks.o
 .text.xTaskGetSchedulerState
                0x0800bfd0       0x3c ./Middlewares/Third_Party/FreeRTOS/Source/tasks.o
                0x0800bfd0                xTaskGetSchedulerState
 .text.xTaskPriorityInherit
                0x0800c00c       0xd0 ./Middlewares/Third_Party/FreeRTOS/Source/tasks.o
                0x0800c00c                xTaskPriorityInherit
 .text.xTaskPriorityDisinherit
                0x0800c0dc       0xe0 ./Middlewares/Third_Party/FreeRTOS/Source/tasks.o
                0x0800c0dc                xTaskPriorityDisinherit
 .text.vTaskPriorityDisinheritAfterTimeout
                0x0800c1bc      0x108 ./Middlewares/Third_Party/FreeRTOS/Source/tasks.o
                0x0800c1bc                vTaskPriorityDisinheritAfterTimeout
 .text.pvTaskIncrementMutexHeldCount
                0x0800c2c4       0x28 ./Middlewares/Third_Party/FreeRTOS/Source/tasks.o
                0x0800c2c4                pvTaskIncrementMutexHeldCount
 .text.prvAddCurrentTaskToDelayedList
                0x0800c2ec       0xa8 ./Middlewares/Third_Party/FreeRTOS/Source/tasks.o
 .text.xTimerCreateTimerTask
                0x0800c394       0x94 ./Middlewares/Third_Party/FreeRTOS/Source/timers.o
                0x0800c394                xTimerCreateTimerTask
 .text.xTimerGenericCommand
                0x0800c428       0x9c ./Middlewares/Third_Party/FreeRTOS/Source/timers.o
                0x0800c428                xTimerGenericCommand
 .text.prvProcessExpiredTimer
                0x0800c4c4       0x9c ./Middlewares/Third_Party/FreeRTOS/Source/timers.o
 .text.prvTimerTask
                0x0800c560       0x26 ./Middlewares/Third_Party/FreeRTOS/Source/timers.o
 *fill*         0x0800c586        0x2 
 .text.prvProcessTimerOrBlockTask
                0x0800c588       0x9c ./Middlewares/Third_Party/FreeRTOS/Source/timers.o
 .text.prvGetNextExpireTime
                0x0800c624       0x48 ./Middlewares/Third_Party/FreeRTOS/Source/timers.o
 .text.prvSampleTimeNow
                0x0800c66c       0x40 ./Middlewares/Third_Party/FreeRTOS/Source/timers.o
 .text.prvInsertTimerInActiveList
                0x0800c6ac       0x84 ./Middlewares/Third_Party/FreeRTOS/Source/timers.o
 .text.prvProcessReceivedCommands
                0x0800c730      0x1cc ./Middlewares/Third_Party/FreeRTOS/Source/timers.o
 .text.prvSwitchTimerLists
                0x0800c8fc       0xcc ./Middlewares/Third_Party/FreeRTOS/Source/timers.o
 .text.prvCheckForValidListAndQueue
                0x0800c9c8       0x80 ./Middlewares/Third_Party/FreeRTOS/Source/timers.o
 .text.pxPortInitialiseStack
                0x0800ca48       0x68 ./Middlewares/Third_Party/FreeRTOS/Source/portable/GCC/ARM_CM4F/port.o
                0x0800ca48                pxPortInitialiseStack
 .text.prvTaskExitError
                0x0800cab0       0x5c ./Middlewares/Third_Party/FreeRTOS/Source/portable/GCC/ARM_CM4F/port.o
 *fill*         0x0800cb0c        0x4 
 .text.SVC_Handler
                0x0800cb10       0x28 ./Middlewares/Third_Party/FreeRTOS/Source/portable/GCC/ARM_CM4F/port.o
                0x0800cb10                SVC_Handler
 .text.prvPortStartFirstTask
                0x0800cb38       0x28 ./Middlewares/Third_Party/FreeRTOS/Source/portable/GCC/ARM_CM4F/port.o
 .text.xPortStartScheduler
                0x0800cb60      0x148 ./Middlewares/Third_Party/FreeRTOS/Source/portable/GCC/ARM_CM4F/port.o
                0x0800cb60                xPortStartScheduler
 .text.vPortEnterCritical
                0x0800cca8       0x64 ./Middlewares/Third_Party/FreeRTOS/Source/portable/GCC/ARM_CM4F/port.o
                0x0800cca8                vPortEnterCritical
 .text.vPortExitCritical
                0x0800cd0c       0x54 ./Middlewares/Third_Party/FreeRTOS/Source/portable/GCC/ARM_CM4F/port.o
                0x0800cd0c                vPortExitCritical
 .text.PendSV_Handler
                0x0800cd60       0x68 ./Middlewares/Third_Party/FreeRTOS/Source/portable/GCC/ARM_CM4F/port.o
                0x0800cd60                PendSV_Handler
 .text.xPortSysTickHandler
                0x0800cdc8       0x44 ./Middlewares/Third_Party/FreeRTOS/Source/portable/GCC/ARM_CM4F/port.o
                0x0800cdc8                xPortSysTickHandler
 .text.vPortSetupTimerInterrupt
                0x0800ce0c       0x48 ./Middlewares/Third_Party/FreeRTOS/Source/portable/GCC/ARM_CM4F/port.o
                0x0800ce0c                vPortSetupTimerInterrupt
 .text.vPortEnableVFP
                0x0800ce54       0x14 ./Middlewares/Third_Party/FreeRTOS/Source/portable/GCC/ARM_CM4F/port.o
 .text.vPortValidateInterruptPriority
                0x0800ce68       0x84 ./Middlewares/Third_Party/FreeRTOS/Source/portable/GCC/ARM_CM4F/port.o
                0x0800ce68                vPortValidateInterruptPriority
 .text.pvPortMalloc
                0x0800ceec      0x19c ./Middlewares/Third_Party/FreeRTOS/Source/portable/MemMang/heap_4.o
                0x0800ceec                pvPortMalloc
 .text.vPortFree
                0x0800d088       0xc8 ./Middlewares/Third_Party/FreeRTOS/Source/portable/MemMang/heap_4.o
                0x0800d088                vPortFree
 .text.prvHeapInit
                0x0800d150       0xc4 ./Middlewares/Third_Party/FreeRTOS/Source/portable/MemMang/heap_4.o
 .text.prvInsertBlockIntoFreeList
                0x0800d214       0xb4 ./Middlewares/Third_Party/FreeRTOS/Source/portable/MemMang/heap_4.o
 .text.sprintf  0x0800d2c8       0x40 C:/ST/STM32CubeIDE_1.15.0/STM32CubeIDE/plugins/com.st.stm32cube.ide.mcu.externaltools.gnu-tools-for-stm32.12.3.rel1.win32_1.0.100.202403111256/tools/bin/../lib/gcc/arm-none-eabi/12.3.1/../../../../arm-none-eabi/lib/thumb/v7e-m+fp/hard\libc_nano.a(libc_a-sprintf.o)
                0x0800d2c8                siprintf
                0x0800d2c8                sprintf
 .text.memset   0x0800d308       0x10 C:/ST/STM32CubeIDE_1.15.0/STM32CubeIDE/plugins/com.st.stm32cube.ide.mcu.externaltools.gnu-tools-for-stm32.12.3.rel1.win32_1.0.100.202403111256/tools/bin/../lib/gcc/arm-none-eabi/12.3.1/../../../../arm-none-eabi/lib/thumb/v7e-m+fp/hard\libc_nano.a(libc_a-memset.o)
                0x0800d308                memset
 .text.strncpy  0x0800d318       0x26 C:/ST/STM32CubeIDE_1.15.0/STM32CubeIDE/plugins/com.st.stm32cube.ide.mcu.externaltools.gnu-tools-for-stm32.12.3.rel1.win32_1.0.100.202403111256/tools/bin/../lib/gcc/arm-none-eabi/12.3.1/../../../../arm-none-eabi/lib/thumb/v7e-m+fp/hard\libc_nano.a(libc_a-strncpy.o)
                0x0800d318                strncpy
 *fill*         0x0800d33e        0x2 
 .text._reclaim_reent
                0x0800d340       0xac C:/ST/STM32CubeIDE_1.15.0/STM32CubeIDE/plugins/com.st.stm32cube.ide.mcu.externaltools.gnu-tools-for-stm32.12.3.rel1.win32_1.0.100.202403111256/tools/bin/../lib/gcc/arm-none-eabi/12.3.1/../../../../arm-none-eabi/lib/thumb/v7e-m+fp/hard\libc_nano.a(libc_a-reent.o)
                0x0800d340                _reclaim_reent
 .text.__errno  0x0800d3ec        0xc C:/ST/STM32CubeIDE_1.15.0/STM32CubeIDE/plugins/com.st.stm32cube.ide.mcu.externaltools.gnu-tools-for-stm32.12.3.rel1.win32_1.0.100.202403111256/tools/bin/../lib/gcc/arm-none-eabi/12.3.1/../../../../arm-none-eabi/lib/thumb/v7e-m+fp/hard\libc_nano.a(libc_a-errno.o)
                0x0800d3ec                __errno
 .text.__libc_init_array
                0x0800d3f8       0x48 C:/ST/STM32CubeIDE_1.15.0/STM32CubeIDE/plugins/com.st.stm32cube.ide.mcu.externaltools.gnu-tools-for-stm32.12.3.rel1.win32_1.0.100.202403111256/tools/bin/../lib/gcc/arm-none-eabi/12.3.1/../../../../arm-none-eabi/lib/thumb/v7e-m+fp/hard\libc_nano.a(libc_a-init.o)
                0x0800d3f8                __libc_init_array
 .text.__retarget_lock_acquire_recursive
                0x0800d440        0x2 C:/ST/STM32CubeIDE_1.15.0/STM32CubeIDE/plugins/com.st.stm32cube.ide.mcu.externaltools.gnu-tools-for-stm32.12.3.rel1.win32_1.0.100.202403111256/tools/bin/../lib/gcc/arm-none-eabi/12.3.1/../../../../arm-none-eabi/lib/thumb/v7e-m+fp/hard\libc_nano.a(libc_a-lock.o)
                0x0800d440                __retarget_lock_acquire_recursive
 .text.__retarget_lock_release_recursive
                0x0800d442        0x2 C:/ST/STM32CubeIDE_1.15.0/STM32CubeIDE/plugins/com.st.stm32cube.ide.mcu.externaltools.gnu-tools-for-stm32.12.3.rel1.win32_1.0.100.202403111256/tools/bin/../lib/gcc/arm-none-eabi/12.3.1/../../../../arm-none-eabi/lib/thumb/v7e-m+fp/hard\libc_nano.a(libc_a-lock.o)
                0x0800d442                __retarget_lock_release_recursive
 .text.memcpy   0x0800d444       0x1c C:/ST/STM32CubeIDE_1.15.0/STM32CubeIDE/plugins/com.st.stm32cube.ide.mcu.externaltools.gnu-tools-for-stm32.12.3.rel1.win32_1.0.100.202403111256/tools/bin/../lib/gcc/arm-none-eabi/12.3.1/../../../../arm-none-eabi/lib/thumb/v7e-m+fp/hard\libc_nano.a(libc_a-memcpy-stub.o)
                0x0800d444                memcpy
 .text._free_r  0x0800d460       0x94 C:/ST/STM32CubeIDE_1.15.0/STM32CubeIDE/plugins/com.st.stm32cube.ide.mcu.externaltools.gnu-tools-for-stm32.12.3.rel1.win32_1.0.100.202403111256/tools/bin/../lib/gcc/arm-none-eabi/12.3.1/../../../../arm-none-eabi/lib/thumb/v7e-m+fp/hard\libc_nano.a(libc_a-freer.o)
                0x0800d460                _free_r
 .text.sbrk_aligned
                0x0800d4f4       0x44 C:/ST/STM32CubeIDE_1.15.0/STM32CubeIDE/plugins/com.st.stm32cube.ide.mcu.externaltools.gnu-tools-for-stm32.12.3.rel1.win32_1.0.100.202403111256/tools/bin/../lib/gcc/arm-none-eabi/12.3.1/../../../../arm-none-eabi/lib/thumb/v7e-m+fp/hard\libc_nano.a(libc_a-mallocr.o)
 .text._malloc_r
                0x0800d538      0x100 C:/ST/STM32CubeIDE_1.15.0/STM32CubeIDE/plugins/com.st.stm32cube.ide.mcu.externaltools.gnu-tools-for-stm32.12.3.rel1.win32_1.0.100.202403111256/tools/bin/../lib/gcc/arm-none-eabi/12.3.1/../../../../arm-none-eabi/lib/thumb/v7e-m+fp/hard\libc_nano.a(libc_a-mallocr.o)
                0x0800d538                _malloc_r
 .text.__malloc_lock
                0x0800d638        0xc C:/ST/STM32CubeIDE_1.15.0/STM32CubeIDE/plugins/com.st.stm32cube.ide.mcu.externaltools.gnu-tools-for-stm32.12.3.rel1.win32_1.0.100.202403111256/tools/bin/../lib/gcc/arm-none-eabi/12.3.1/../../../../arm-none-eabi/lib/thumb/v7e-m+fp/hard\libc_nano.a(libc_a-mlock.o)
                0x0800d638                __malloc_lock
 .text.__malloc_unlock
                0x0800d644        0xc C:/ST/STM32CubeIDE_1.15.0/STM32CubeIDE/plugins/com.st.stm32cube.ide.mcu.externaltools.gnu-tools-for-stm32.12.3.rel1.win32_1.0.100.202403111256/tools/bin/../lib/gcc/arm-none-eabi/12.3.1/../../../../arm-none-eabi/lib/thumb/v7e-m+fp/hard\libc_nano.a(libc_a-mlock.o)
                0x0800d644                __malloc_unlock
 .text.__ssputs_r
                0x0800d650       0xb6 C:/ST/STM32CubeIDE_1.15.0/STM32CubeIDE/plugins/com.st.stm32cube.ide.mcu.externaltools.gnu-tools-for-stm32.12.3.rel1.win32_1.0.100.202403111256/tools/bin/../lib/gcc/arm-none-eabi/12.3.1/../../../../arm-none-eabi/lib/thumb/v7e-m+fp/hard\libc_nano.a(libc_a-nano-svfprintf.o)
                0x0800d650                __ssputs_r
 *fill*         0x0800d706        0x2 
 .text._svfprintf_r
                0x0800d708      0x1f8 C:/ST/STM32CubeIDE_1.15.0/STM32CubeIDE/plugins/com.st.stm32cube.ide.mcu.externaltools.gnu-tools-for-stm32.12.3.rel1.win32_1.0.100.202403111256/tools/bin/../lib/gcc/arm-none-eabi/12.3.1/../../../../arm-none-eabi/lib/thumb/v7e-m+fp/hard\libc_nano.a(libc_a-nano-svfprintf.o)
                0x0800d708                _svfiprintf_r
                0x0800d708                _svfprintf_r
 .text._printf_common
                0x0800d900       0xda C:/ST/STM32CubeIDE_1.15.0/STM32CubeIDE/plugins/com.st.stm32cube.ide.mcu.externaltools.gnu-tools-for-stm32.12.3.rel1.win32_1.0.100.202403111256/tools/bin/../lib/gcc/arm-none-eabi/12.3.1/../../../../arm-none-eabi/lib/thumb/v7e-m+fp/hard\libc_nano.a(libc_a-nano-vfprintf_i.o)
                0x0800d900                _printf_common
 *fill*         0x0800d9da        0x2 
 .text._printf_i
                0x0800d9dc      0x240 C:/ST/STM32CubeIDE_1.15.0/STM32CubeIDE/plugins/com.st.stm32cube.ide.mcu.externaltools.gnu-tools-for-stm32.12.3.rel1.win32_1.0.100.202403111256/tools/bin/../lib/gcc/arm-none-eabi/12.3.1/../../../../arm-none-eabi/lib/thumb/v7e-m+fp/hard\libc_nano.a(libc_a-nano-vfprintf_i.o)
                0x0800d9dc                _printf_i
 .text.memmove  0x0800dc1c       0x34 C:/ST/STM32CubeIDE_1.15.0/STM32CubeIDE/plugins/com.st.stm32cube.ide.mcu.externaltools.gnu-tools-for-stm32.12.3.rel1.win32_1.0.100.202403111256/tools/bin/../lib/gcc/arm-none-eabi/12.3.1/../../../../arm-none-eabi/lib/thumb/v7e-m+fp/hard\libc_nano.a(libc_a-memmove.o)
                0x0800dc1c                memmove
 .text._sbrk_r  0x0800dc50       0x20 C:/ST/STM32CubeIDE_1.15.0/STM32CubeIDE/plugins/com.st.stm32cube.ide.mcu.externaltools.gnu-tools-for-stm32.12.3.rel1.win32_1.0.100.202403111256/tools/bin/../lib/gcc/arm-none-eabi/12.3.1/../../../../arm-none-eabi/lib/thumb/v7e-m+fp/hard\libc_nano.a(libc_a-sbrkr.o)
                0x0800dc50                _sbrk_r
 .text._realloc_r
                0x0800dc70       0x5c C:/ST/STM32CubeIDE_1.15.0/STM32CubeIDE/plugins/com.st.stm32cube.ide.mcu.externaltools.gnu-tools-for-stm32.12.3.rel1.win32_1.0.100.202403111256/tools/bin/../lib/gcc/arm-none-eabi/12.3.1/../../../../arm-none-eabi/lib/thumb/v7e-m+fp/hard\libc_nano.a(libc_a-reallocr.o)
                0x0800dc70                _realloc_r
 .text._malloc_usable_size_r
                0x0800dccc       0x10 C:/ST/STM32CubeIDE_1.15.0/STM32CubeIDE/plugins/com.st.stm32cube.ide.mcu.externaltools.gnu-tools-for-stm32.12.3.rel1.win32_1.0.100.202403111256/tools/bin/../lib/gcc/arm-none-eabi/12.3.1/../../../../arm-none-eabi/lib/thumb/v7e-m+fp/hard\libc_nano.a(libc_a-msizer.o)
                0x0800dccc                _malloc_usable_size_r
 *(.glue_7)
 .glue_7        0x0800dcdc        0x0 linker stubs
 *(.glue_7t)
 .glue_7t       0x0800dcdc        0x0 linker stubs
 *(.eh_frame)
 .eh_frame      0x0800dcdc        0x0 C:/ST/STM32CubeIDE_1.15.0/STM32CubeIDE/plugins/com.st.stm32cube.ide.mcu.externaltools.gnu-tools-for-stm32.12.3.rel1.win32_1.0.100.202403111256/tools/bin/../lib/gcc/arm-none-eabi/12.3.1/thumb/v7e-m+fp/hard/crtbegin.o
 *(.init)
 .init          0x0800dcdc        0x4 C:/ST/STM32CubeIDE_1.15.0/STM32CubeIDE/plugins/com.st.stm32cube.ide.mcu.externaltools.gnu-tools-for-stm32.12.3.rel1.win32_1.0.100.202403111256/tools/bin/../lib/gcc/arm-none-eabi/12.3.1/thumb/v7e-m+fp/hard/crti.o
                0x0800dcdc                _init
 .init          0x0800dce0        0x8 C:/ST/STM32CubeIDE_1.15.0/STM32CubeIDE/plugins/com.st.stm32cube.ide.mcu.externaltools.gnu-tools-for-stm32.12.3.rel1.win32_1.0.100.202403111256/tools/bin/../lib/gcc/arm-none-eabi/12.3.1/thumb/v7e-m+fp/hard/crtn.o
 *(.fini)
 .fini          0x0800dce8        0x4 C:/ST/STM32CubeIDE_1.15.0/STM32CubeIDE/plugins/com.st.stm32cube.ide.mcu.externaltools.gnu-tools-for-stm32.12.3.rel1.win32_1.0.100.202403111256/tools/bin/../lib/gcc/arm-none-eabi/12.3.1/thumb/v7e-m+fp/hard/crti.o
                0x0800dce8                _fini
 .fini          0x0800dcec        0x8 C:/ST/STM32CubeIDE_1.15.0/STM32CubeIDE/plugins/com.st.stm32cube.ide.mcu.externaltools.gnu-tools-for-stm32.12.3.rel1.win32_1.0.100.202403111256/tools/bin/../lib/gcc/arm-none-eabi/12.3.1/thumb/v7e-m+fp/hard/crtn.o
                0x0800dcf4                        . = ALIGN (0x4)
                0x0800dcf4                        _etext = .

.vfp11_veneer   0x0800dcf4        0x0
 .vfp11_veneer  0x0800dcf4        0x0 linker stubs

.v4_bx          0x0800dcf4        0x0
 .v4_bx         0x0800dcf4        0x0 linker stubs

.iplt           0x0800dcf4        0x0
 .iplt          0x0800dcf4        0x0 C:/ST/STM32CubeIDE_1.15.0/STM32CubeIDE/plugins/com.st.stm32cube.ide.mcu.externaltools.gnu-tools-for-stm32.12.3.rel1.win32_1.0.100.202403111256/tools/bin/../lib/gcc/arm-none-eabi/12.3.1/thumb/v7e-m+fp/hard/crtbegin.o

.rodata         0x0800dcf4      0x67c
                0x0800dcf4                        . = ALIGN (0x4)
 *(.rodata)
 .rodata        0x0800dcf4      0x11b ./Core/Src/main.o
 *fill*         0x0800de0f        0x1 
 .rodata        0x0800de10       0x48 ./Middlewares/Third_Party/FatFs/src/ff.o
 .rodata        0x0800de58        0x5 ./Middlewares/Third_Party/FreeRTOS/Source/tasks.o
 *fill*         0x0800de5d        0x3 
 .rodata        0x0800de60        0xd ./Middlewares/Third_Party/FreeRTOS/Source/timers.o
 *(.rodata*)
 *fill*         0x0800de6d        0x3 
 .rodata.ProcessInput_attributes
                0x0800de70       0x24 ./Core/Src/main.o
                0x0800de70                ProcessInput_attributes
 .rodata.saveFile_attributes
                0x0800de94       0x24 ./Core/Src/main.o
                0x0800de94                saveFile_attributes
 .rodata.sendLCD_attributes
                0x0800deb8       0x24 ./Core/Src/main.o
                0x0800deb8                sendLCD_attributes
 .rodata.AHBPrescTable
                0x0800dedc       0x10 ./Core/Src/system_stm32f4xx.o
                0x0800dedc                AHBPrescTable
 .rodata.APBPrescTable
                0x0800deec        0x8 ./Core/Src/system_stm32f4xx.o
                0x0800deec                APBPrescTable
 .rodata.flagBitshiftOffset.0
                0x0800def4        0x8 ./Drivers/STM32F4xx_HAL_Driver/Src/stm32f4xx_hal_dma.o
 .rodata.ExCvt  0x0800defc       0x80 ./Middlewares/Third_Party/FatFs/src/ff.o
 .rodata.LfnOfs
                0x0800df7c        0xd ./Middlewares/Third_Party/FatFs/src/ff.o
 *fill*         0x0800df89        0x3 
 .rodata.Tbl    0x0800df8c      0x100 ./Middlewares/Third_Party/FatFs/src/option/ccsbcs.o
 .rodata.cvt1.1
                0x0800e08c      0x1f2 ./Middlewares/Third_Party/FatFs/src/option/ccsbcs.o
 *fill*         0x0800e27e        0x2 
 .rodata.cvt2.0
                0x0800e280       0xbc ./Middlewares/Third_Party/FatFs/src/option/ccsbcs.o
 .rodata._svfprintf_r.str1.1
                0x0800e33c       0x11 C:/ST/STM32CubeIDE_1.15.0/STM32CubeIDE/plugins/com.st.stm32cube.ide.mcu.externaltools.gnu-tools-for-stm32.12.3.rel1.win32_1.0.100.202403111256/tools/bin/../lib/gcc/arm-none-eabi/12.3.1/../../../../arm-none-eabi/lib/thumb/v7e-m+fp/hard\libc_nano.a(libc_a-nano-svfprintf.o)
 .rodata._printf_i.str1.1
                0x0800e34d       0x22 C:/ST/STM32CubeIDE_1.15.0/STM32CubeIDE/plugins/com.st.stm32cube.ide.mcu.externaltools.gnu-tools-for-stm32.12.3.rel1.win32_1.0.100.202403111256/tools/bin/../lib/gcc/arm-none-eabi/12.3.1/../../../../arm-none-eabi/lib/thumb/v7e-m+fp/hard\libc_nano.a(libc_a-nano-vfprintf_i.o)
                0x0800e370                        . = ALIGN (0x4)
 *fill*         0x0800e36f        0x1 

.ARM.extab      0x0800e370        0x0
                0x0800e370                        . = ALIGN (0x4)
 *(.ARM.extab* .gnu.linkonce.armextab.*)
                0x0800e370                        . = ALIGN (0x4)

.ARM            0x0800e370        0x8
                0x0800e370                        . = ALIGN (0x4)
                0x0800e370                        __exidx_start = .
 *(.ARM.exidx*)
 .ARM.exidx     0x0800e370        0x8 C:/ST/STM32CubeIDE_1.15.0/STM32CubeIDE/plugins/com.st.stm32cube.ide.mcu.externaltools.gnu-tools-for-stm32.12.3.rel1.win32_1.0.100.202403111256/tools/bin/../lib/gcc/arm-none-eabi/12.3.1/../../../../arm-none-eabi/lib/thumb/v7e-m+fp/hard\libc_nano.a(libc_a-memchr.o)
 .ARM.exidx     0x0800e378        0x0 C:/ST/STM32CubeIDE_1.15.0/STM32CubeIDE/plugins/com.st.stm32cube.ide.mcu.externaltools.gnu-tools-for-stm32.12.3.rel1.win32_1.0.100.202403111256/tools/bin/../lib/gcc/arm-none-eabi/12.3.1/thumb/v7e-m+fp/hard\libgcc.a(_udivmoddi4.o)
                                  0x8 (size before relaxing)
                0x0800e378                        __exidx_end = .
                0x0800e378                        . = ALIGN (0x4)

.preinit_array  0x0800e378        0x0
                0x0800e378                        . = ALIGN (0x4)
                0x0800e378                        PROVIDE (__preinit_array_start = .)
 *(.preinit_array*)
                0x0800e378                        PROVIDE (__preinit_array_end = .)
                0x0800e378                        . = ALIGN (0x4)

.init_array     0x0800e378        0x4
                0x0800e378                        . = ALIGN (0x4)
                0x0800e378                        PROVIDE (__init_array_start = .)
 *(SORT_BY_NAME(.init_array.*))
 *(.init_array*)
 .init_array    0x0800e378        0x4 C:/ST/STM32CubeIDE_1.15.0/STM32CubeIDE/plugins/com.st.stm32cube.ide.mcu.externaltools.gnu-tools-for-stm32.12.3.rel1.win32_1.0.100.202403111256/tools/bin/../lib/gcc/arm-none-eabi/12.3.1/thumb/v7e-m+fp/hard/crtbegin.o
                0x0800e37c                        PROVIDE (__init_array_end = .)
                0x0800e37c                        . = ALIGN (0x4)

.fini_array     0x0800e37c        0x4
                0x0800e37c                        . = ALIGN (0x4)
                [!provide]                        PROVIDE (__fini_array_start = .)
 *(SORT_BY_NAME(.fini_array.*))
 *(.fini_array*)
 .fini_array    0x0800e37c        0x4 C:/ST/STM32CubeIDE_1.15.0/STM32CubeIDE/plugins/com.st.stm32cube.ide.mcu.externaltools.gnu-tools-for-stm32.12.3.rel1.win32_1.0.100.202403111256/tools/bin/../lib/gcc/arm-none-eabi/12.3.1/thumb/v7e-m+fp/hard/crtbegin.o
                [!provide]                        PROVIDE (__fini_array_end = .)
                0x0800e380                        . = ALIGN (0x4)
                0x0800e380                        _sidata = LOADADDR (.data)

.rel.dyn        0x0800e380        0x0
 .rel.iplt      0x0800e380        0x0 C:/ST/STM32CubeIDE_1.15.0/STM32CubeIDE/plugins/com.st.stm32cube.ide.mcu.externaltools.gnu-tools-for-stm32.12.3.rel1.win32_1.0.100.202403111256/tools/bin/../lib/gcc/arm-none-eabi/12.3.1/thumb/v7e-m+fp/hard/crtbegin.o

.data           0x20000000       0x88 load address 0x0800e380
                0x20000000                        . = ALIGN (0x4)
                0x20000000                        _sdata = .
 *(.data)
 *(.data*)
 .data.Stat     0x20000000        0x1 ./Core/Src/fatfs_sd.o
 *fill*         0x20000001        0x3 
 .data.in_buf_ptr
                0x20000004        0x4 ./Core/Src/main.o
                0x20000004                in_buf_ptr
 .data.out_buf_ptr
                0x20000008        0x4 ./Core/Src/main.o
                0x20000008                out_buf_ptr
 .data.out_buf_char_ptr
                0x2000000c        0x4 ./Core/Src/main.o
                0x2000000c                out_buf_char_ptr
 .data.sound_activity_detected
                0x20000010        0x1 ./Core/Src/main.o
 *fill*         0x20000011        0x3 
 .data.SystemCoreClock
                0x20000014        0x4 ./Core/Src/system_stm32f4xx.o
                0x20000014                SystemCoreClock
 .data.uwTickPrio
                0x20000018        0x4 ./Drivers/STM32F4xx_HAL_Driver/Src/stm32f4xx_hal.o
                0x20000018                uwTickPrio
 .data.uwTickFreq
                0x2000001c        0x1 ./Drivers/STM32F4xx_HAL_Driver/Src/stm32f4xx_hal.o
                0x2000001c                uwTickFreq
 .data.Stat     0x2000001d        0x1 ./FATFS/Target/user_diskio.o
 *fill*         0x2000001e        0x2 
 .data.USER_Driver
                0x20000020       0x14 ./FATFS/Target/user_diskio.o
                0x20000020                USER_Driver
 .data.uxCriticalNesting
                0x20000034        0x4 ./Middlewares/Third_Party/FreeRTOS/Source/portable/GCC/ARM_CM4F/port.o
 .data._impure_ptr
                0x20000038        0x4 C:/ST/STM32CubeIDE_1.15.0/STM32CubeIDE/plugins/com.st.stm32cube.ide.mcu.externaltools.gnu-tools-for-stm32.12.3.rel1.win32_1.0.100.202403111256/tools/bin/../lib/gcc/arm-none-eabi/12.3.1/../../../../arm-none-eabi/lib/thumb/v7e-m+fp/hard\libc_nano.a(libc_a-impure.o)
                0x20000038                _impure_ptr
 .data._impure_data
                0x2000003c       0x4c C:/ST/STM32CubeIDE_1.15.0/STM32CubeIDE/plugins/com.st.stm32cube.ide.mcu.externaltools.gnu-tools-for-stm32.12.3.rel1.win32_1.0.100.202403111256/tools/bin/../lib/gcc/arm-none-eabi/12.3.1/../../../../arm-none-eabi/lib/thumb/v7e-m+fp/hard\libc_nano.a(libc_a-impure.o)
                0x2000003c                _impure_data
 *(.RamFunc)
 *(.RamFunc*)
                0x20000088                        . = ALIGN (0x4)
                0x20000088                        _edata = .

.igot.plt       0x20000088        0x0 load address 0x0800e408
 .igot.plt      0x20000088        0x0 C:/ST/STM32CubeIDE_1.15.0/STM32CubeIDE/plugins/com.st.stm32cube.ide.mcu.externaltools.gnu-tools-for-stm32.12.3.rel1.win32_1.0.100.202403111256/tools/bin/../lib/gcc/arm-none-eabi/12.3.1/thumb/v7e-m+fp/hard/crtbegin.o
                0x20000088                        . = ALIGN (0x4)

.bss            0x20000088     0x92b0 load address 0x0800e408
                0x20000088                        _sbss = .
                0x20000088                        __bss_start__ = _sbss
 *(.bss)
 .bss           0x20000088       0x1c C:/ST/STM32CubeIDE_1.15.0/STM32CubeIDE/plugins/com.st.stm32cube.ide.mcu.externaltools.gnu-tools-for-stm32.12.3.rel1.win32_1.0.100.202403111256/tools/bin/../lib/gcc/arm-none-eabi/12.3.1/thumb/v7e-m+fp/hard/crtbegin.o
 *(.bss*)
 .bss.CardType  0x200000a4        0x1 ./Core/Src/fatfs_sd.o
 .bss.PowerFlag
                0x200000a5        0x1 ./Core/Src/fatfs_sd.o
 *fill*         0x200000a6        0x2 
 .bss.hadc1     0x200000a8       0x48 ./Core/Src/main.o
                0x200000a8                hadc1
 .bss.hdma_adc1
                0x200000f0       0x60 ./Core/Src/main.o
                0x200000f0                hdma_adc1
 .bss.hi2c1     0x20000150       0x54 ./Core/Src/main.o
                0x20000150                hi2c1
 .bss.hspi2     0x200001a4       0x58 ./Core/Src/main.o
                0x200001a4                hspi2
 .bss.htim2     0x200001fc       0x48 ./Core/Src/main.o
                0x200001fc                htim2
 .bss.huart2    0x20000244       0x48 ./Core/Src/main.o
                0x20000244                huart2
 .bss.hdma_usart2_tx
                0x2000028c       0x60 ./Core/Src/main.o
                0x2000028c                hdma_usart2_tx
 .bss.ProcessInputHandle
                0x200002ec        0x4 ./Core/Src/main.o
                0x200002ec                ProcessInputHandle
 .bss.saveFileHandle
                0x200002f0        0x4 ./Core/Src/main.o
                0x200002f0                saveFileHandle
 .bss.sendLCDHandle
                0x200002f4        0x4 ./Core/Src/main.o
                0x200002f4                sendLCDHandle
 .bss.fs        0x200002f8     0x103c ./Core/Src/main.o
                0x200002f8                fs
 .bss.fil       0x20001334     0x1030 ./Core/Src/main.o
                0x20001334                fil
 .bss.fstatus   0x20002364        0x1 ./Core/Src/main.o
                0x20002364                fstatus
 *fill*         0x20002365        0x3 
 .bss.bw        0x20002368        0x4 ./Core/Src/main.o
                0x20002368                bw
 .bss.in_buf    0x2000236c      0x800 ./Core/Src/main.o
                0x2000236c                in_buf
 .bss.out_buf   0x20002b6c      0x800 ./Core/Src/main.o
                0x20002b6c                out_buf
 .bss.out_buf_char
                0x2000336c     0x1400 ./Core/Src/main.o
                0x2000336c                out_buf_char
 .bss.write_file_chunk_flag
                0x2000476c        0x1 ./Core/Src/main.o
 .bss.robot_effect
                0x2000476d        0x1 ./Core/Src/main.o
 *fill*         0x2000476e        0x2 
 .bss.max_fft_freq
                0x20004770        0x4 ./Core/Src/main.o
 .bss.dma_status
                0x20004774        0x1 ./Core/Src/main.o
                0x20004774                dma_status
 *fill*         0x20004775        0x3 
 .bss.htim9     0x20004778       0x48 ./Core/Src/stm32f4xx_hal_timebase_tim.o
                0x20004778                htim9
 .bss.Timer1    0x200047c0        0x1 ./Core/Src/stm32f4xx_it.o
                0x200047c0                Timer1
 .bss.Timer2    0x200047c1        0x1 ./Core/Src/stm32f4xx_it.o
                0x200047c1                Timer2
 *fill*         0x200047c2        0x2 
 .bss.__sbrk_heap_end
                0x200047c4        0x4 ./Core/Src/sysmem.o
 .bss.uwTick    0x200047c8        0x4 ./Drivers/STM32F4xx_HAL_Driver/Src/stm32f4xx_hal.o
                0x200047c8                uwTick
 .bss.retUSER   0x200047cc        0x1 ./FATFS/App/fatfs.o
                0x200047cc                retUSER
 *fill*         0x200047cd        0x3 
 .bss.USERPath  0x200047d0        0x4 ./FATFS/App/fatfs.o
                0x200047d0                USERPath
 .bss.FatFs     0x200047d4        0x4 ./Middlewares/Third_Party/FatFs/src/ff.o
 .bss.Fsid      0x200047d8        0x2 ./Middlewares/Third_Party/FatFs/src/ff.o
 *fill*         0x200047da        0x2 
 .bss.Files     0x200047dc       0x20 ./Middlewares/Third_Party/FatFs/src/ff.o
 .bss.disk      0x200047fc        0xc ./Middlewares/Third_Party/FatFs/src/ff_gen_drv.o
                0x200047fc                disk
 .bss.KernelState
                0x20004808        0x4 ./Middlewares/Third_Party/FreeRTOS/Source/CMSIS_RTOS_V2/cmsis_os2.o
 .bss.Idle_TCB.3
                0x2000480c       0xa8 ./Middlewares/Third_Party/FreeRTOS/Source/CMSIS_RTOS_V2/cmsis_os2.o
 .bss.Idle_Stack.2
                0x200048b4      0x200 ./Middlewares/Third_Party/FreeRTOS/Source/CMSIS_RTOS_V2/cmsis_os2.o
 .bss.Timer_TCB.1
                0x20004ab4       0xa8 ./Middlewares/Third_Party/FreeRTOS/Source/CMSIS_RTOS_V2/cmsis_os2.o
 .bss.Timer_Stack.0
                0x20004b5c      0x400 ./Middlewares/Third_Party/FreeRTOS/Source/CMSIS_RTOS_V2/cmsis_os2.o
 .bss.xQueueRegistry
                0x20004f5c       0x40 ./Middlewares/Third_Party/FreeRTOS/Source/queue.o
                0x20004f5c                xQueueRegistry
 .bss.pxCurrentTCB
                0x20004f9c        0x4 ./Middlewares/Third_Party/FreeRTOS/Source/tasks.o
                0x20004f9c                pxCurrentTCB
 .bss.pxReadyTasksLists
                0x20004fa0      0x460 ./Middlewares/Third_Party/FreeRTOS/Source/tasks.o
 .bss.xDelayedTaskList1
                0x20005400       0x14 ./Middlewares/Third_Party/FreeRTOS/Source/tasks.o
 .bss.xDelayedTaskList2
                0x20005414       0x14 ./Middlewares/Third_Party/FreeRTOS/Source/tasks.o
 .bss.pxDelayedTaskList
                0x20005428        0x4 ./Middlewares/Third_Party/FreeRTOS/Source/tasks.o
 .bss.pxOverflowDelayedTaskList
                0x2000542c        0x4 ./Middlewares/Third_Party/FreeRTOS/Source/tasks.o
 .bss.xPendingReadyList
                0x20005430       0x14 ./Middlewares/Third_Party/FreeRTOS/Source/tasks.o
 .bss.xTasksWaitingTermination
                0x20005444       0x14 ./Middlewares/Third_Party/FreeRTOS/Source/tasks.o
 .bss.uxDeletedTasksWaitingCleanUp
                0x20005458        0x4 ./Middlewares/Third_Party/FreeRTOS/Source/tasks.o
 .bss.xSuspendedTaskList
                0x2000545c       0x14 ./Middlewares/Third_Party/FreeRTOS/Source/tasks.o
 .bss.uxCurrentNumberOfTasks
                0x20005470        0x4 ./Middlewares/Third_Party/FreeRTOS/Source/tasks.o
 .bss.xTickCount
                0x20005474        0x4 ./Middlewares/Third_Party/FreeRTOS/Source/tasks.o
 .bss.uxTopReadyPriority
                0x20005478        0x4 ./Middlewares/Third_Party/FreeRTOS/Source/tasks.o
 .bss.xSchedulerRunning
                0x2000547c        0x4 ./Middlewares/Third_Party/FreeRTOS/Source/tasks.o
 .bss.xPendedTicks
                0x20005480        0x4 ./Middlewares/Third_Party/FreeRTOS/Source/tasks.o
 .bss.xYieldPending
                0x20005484        0x4 ./Middlewares/Third_Party/FreeRTOS/Source/tasks.o
 .bss.xNumOfOverflows
                0x20005488        0x4 ./Middlewares/Third_Party/FreeRTOS/Source/tasks.o
 .bss.uxTaskNumber
                0x2000548c        0x4 ./Middlewares/Third_Party/FreeRTOS/Source/tasks.o
 .bss.xNextTaskUnblockTime
                0x20005490        0x4 ./Middlewares/Third_Party/FreeRTOS/Source/tasks.o
 .bss.xIdleTaskHandle
                0x20005494        0x4 ./Middlewares/Third_Party/FreeRTOS/Source/tasks.o
 .bss.uxSchedulerSuspended
                0x20005498        0x4 ./Middlewares/Third_Party/FreeRTOS/Source/tasks.o
 .bss.xActiveTimerList1
                0x2000549c       0x14 ./Middlewares/Third_Party/FreeRTOS/Source/timers.o
 .bss.xActiveTimerList2
                0x200054b0       0x14 ./Middlewares/Third_Party/FreeRTOS/Source/timers.o
 .bss.pxCurrentTimerList
                0x200054c4        0x4 ./Middlewares/Third_Party/FreeRTOS/Source/timers.o
 .bss.pxOverflowTimerList
                0x200054c8        0x4 ./Middlewares/Third_Party/FreeRTOS/Source/timers.o
 .bss.xTimerQueue
                0x200054cc        0x4 ./Middlewares/Third_Party/FreeRTOS/Source/timers.o
 .bss.xTimerTaskHandle
                0x200054d0        0x4 ./Middlewares/Third_Party/FreeRTOS/Source/timers.o
 .bss.xLastTime.2
                0x200054d4        0x4 ./Middlewares/Third_Party/FreeRTOS/Source/timers.o
 .bss.ucStaticTimerQueueStorage.1
                0x200054d8       0xa0 ./Middlewares/Third_Party/FreeRTOS/Source/timers.o
 .bss.xStaticTimerQueue.0
                0x20005578       0x50 ./Middlewares/Third_Party/FreeRTOS/Source/timers.o
 .bss.ucMaxSysCallPriority
                0x200055c8        0x1 ./Middlewares/Third_Party/FreeRTOS/Source/portable/GCC/ARM_CM4F/port.o
 *fill*         0x200055c9        0x3 
 .bss.ulMaxPRIGROUPValue
                0x200055cc        0x4 ./Middlewares/Third_Party/FreeRTOS/Source/portable/GCC/ARM_CM4F/port.o
 .bss.ucHeap    0x200055d0     0x3c00 ./Middlewares/Third_Party/FreeRTOS/Source/portable/MemMang/heap_4.o
 .bss.xStart    0x200091d0        0x8 ./Middlewares/Third_Party/FreeRTOS/Source/portable/MemMang/heap_4.o
 .bss.pxEnd     0x200091d8        0x4 ./Middlewares/Third_Party/FreeRTOS/Source/portable/MemMang/heap_4.o
 .bss.xFreeBytesRemaining
                0x200091dc        0x4 ./Middlewares/Third_Party/FreeRTOS/Source/portable/MemMang/heap_4.o
 .bss.xMinimumEverFreeBytesRemaining
                0x200091e0        0x4 ./Middlewares/Third_Party/FreeRTOS/Source/portable/MemMang/heap_4.o
 .bss.xNumberOfSuccessfulAllocations
                0x200091e4        0x4 ./Middlewares/Third_Party/FreeRTOS/Source/portable/MemMang/heap_4.o
 .bss.xNumberOfSuccessfulFrees
                0x200091e8        0x4 ./Middlewares/Third_Party/FreeRTOS/Source/portable/MemMang/heap_4.o
 .bss.xBlockAllocatedBit
                0x200091ec        0x4 ./Middlewares/Third_Party/FreeRTOS/Source/portable/MemMang/heap_4.o
 .bss.__sf      0x200091f0      0x138 C:/ST/STM32CubeIDE_1.15.0/STM32CubeIDE/plugins/com.st.stm32cube.ide.mcu.externaltools.gnu-tools-for-stm32.12.3.rel1.win32_1.0.100.202403111256/tools/bin/../lib/gcc/arm-none-eabi/12.3.1/../../../../arm-none-eabi/lib/thumb/v7e-m+fp/hard\libc_nano.a(libc_a-findfp.o)
                0x200091f0                __sf
 .bss.errno     0x20009328        0x4 C:/ST/STM32CubeIDE_1.15.0/STM32CubeIDE/plugins/com.st.stm32cube.ide.mcu.externaltools.gnu-tools-for-stm32.12.3.rel1.win32_1.0.100.202403111256/tools/bin/../lib/gcc/arm-none-eabi/12.3.1/../../../../arm-none-eabi/lib/thumb/v7e-m+fp/hard\libc_nano.a(libc_a-reent.o)
                0x20009328                errno
 .bss.__lock___malloc_recursive_mutex
                0x2000932c        0x1 C:/ST/STM32CubeIDE_1.15.0/STM32CubeIDE/plugins/com.st.stm32cube.ide.mcu.externaltools.gnu-tools-for-stm32.12.3.rel1.win32_1.0.100.202403111256/tools/bin/../lib/gcc/arm-none-eabi/12.3.1/../../../../arm-none-eabi/lib/thumb/v7e-m+fp/hard\libc_nano.a(libc_a-lock.o)
                0x2000932c                __lock___malloc_recursive_mutex
 *fill*         0x2000932d        0x3 
 .bss.__malloc_sbrk_start
                0x20009330        0x4 C:/ST/STM32CubeIDE_1.15.0/STM32CubeIDE/plugins/com.st.stm32cube.ide.mcu.externaltools.gnu-tools-for-stm32.12.3.rel1.win32_1.0.100.202403111256/tools/bin/../lib/gcc/arm-none-eabi/12.3.1/../../../../arm-none-eabi/lib/thumb/v7e-m+fp/hard\libc_nano.a(libc_a-mallocr.o)
                0x20009330                __malloc_sbrk_start
 .bss.__malloc_free_list
                0x20009334        0x4 C:/ST/STM32CubeIDE_1.15.0/STM32CubeIDE/plugins/com.st.stm32cube.ide.mcu.externaltools.gnu-tools-for-stm32.12.3.rel1.win32_1.0.100.202403111256/tools/bin/../lib/gcc/arm-none-eabi/12.3.1/../../../../arm-none-eabi/lib/thumb/v7e-m+fp/hard\libc_nano.a(libc_a-mallocr.o)
                0x20009334                __malloc_free_list
 *(COMMON)
                0x20009338                        . = ALIGN (0x4)
                0x20009338                        _ebss = .
                0x20009338                        __bss_end__ = _ebss

._user_heap_stack
                0x20009338      0x600 load address 0x0800e408
                0x20009338                        . = ALIGN (0x8)
                [!provide]                        PROVIDE (end = .)
                0x20009338                        PROVIDE (_end = .)
                0x20009538                        . = (. + _Min_Heap_Size)
 *fill*         0x20009338      0x200 
                0x20009938                        . = (. + _Min_Stack_Size)
 *fill*         0x20009538      0x400 
                0x20009938                        . = ALIGN (0x8)

/DISCARD/
 libc.a(*)
 libm.a(*)
 libgcc.a(*)

.ARM.attributes
                0x00000000       0x30
 *(.ARM.attributes)
 .ARM.attributes
                0x00000000       0x22 C:/ST/STM32CubeIDE_1.15.0/STM32CubeIDE/plugins/com.st.stm32cube.ide.mcu.externaltools.gnu-tools-for-stm32.12.3.rel1.win32_1.0.100.202403111256/tools/bin/../lib/gcc/arm-none-eabi/12.3.1/thumb/v7e-m+fp/hard/crti.o
 .ARM.attributes
                0x00000022       0x34 C:/ST/STM32CubeIDE_1.15.0/STM32CubeIDE/plugins/com.st.stm32cube.ide.mcu.externaltools.gnu-tools-for-stm32.12.3.rel1.win32_1.0.100.202403111256/tools/bin/../lib/gcc/arm-none-eabi/12.3.1/thumb/v7e-m+fp/hard/crtbegin.o
 .ARM.attributes
                0x00000056       0x34 ./Core/Src/fatfs_sd.o
 .ARM.attributes
                0x0000008a       0x34 ./Core/Src/i2c-lcd.o
 .ARM.attributes
                0x000000be       0x34 ./Core/Src/main.o
 .ARM.attributes
                0x000000f2       0x34 ./Core/Src/stm32f4xx_hal_msp.o
 .ARM.attributes
                0x00000126       0x34 ./Core/Src/stm32f4xx_hal_timebase_tim.o
 .ARM.attributes
                0x0000015a       0x34 ./Core/Src/stm32f4xx_it.o
 .ARM.attributes
                0x0000018e       0x34 ./Core/Src/sysmem.o
 .ARM.attributes
                0x000001c2       0x34 ./Core/Src/system_stm32f4xx.o
 .ARM.attributes
                0x000001f6       0x21 ./Core/Startup/startup_stm32f411retx.o
 .ARM.attributes
                0x00000217       0x34 ./Drivers/STM32F4xx_HAL_Driver/Src/stm32f4xx_hal.o
 .ARM.attributes
                0x0000024b       0x34 ./Drivers/STM32F4xx_HAL_Driver/Src/stm32f4xx_hal_adc.o
 .ARM.attributes
                0x0000027f       0x34 ./Drivers/STM32F4xx_HAL_Driver/Src/stm32f4xx_hal_cortex.o
 .ARM.attributes
                0x000002b3       0x34 ./Drivers/STM32F4xx_HAL_Driver/Src/stm32f4xx_hal_dma.o
 .ARM.attributes
                0x000002e7       0x34 ./Drivers/STM32F4xx_HAL_Driver/Src/stm32f4xx_hal_gpio.o
 .ARM.attributes
                0x0000031b       0x34 ./Drivers/STM32F4xx_HAL_Driver/Src/stm32f4xx_hal_i2c.o
 .ARM.attributes
                0x0000034f       0x34 ./Drivers/STM32F4xx_HAL_Driver/Src/stm32f4xx_hal_rcc.o
 .ARM.attributes
                0x00000383       0x34 ./Drivers/STM32F4xx_HAL_Driver/Src/stm32f4xx_hal_spi.o
 .ARM.attributes
                0x000003b7       0x34 ./Drivers/STM32F4xx_HAL_Driver/Src/stm32f4xx_hal_tim.o
 .ARM.attributes
                0x000003eb       0x34 ./Drivers/STM32F4xx_HAL_Driver/Src/stm32f4xx_hal_tim_ex.o
 .ARM.attributes
                0x0000041f       0x34 ./Drivers/STM32F4xx_HAL_Driver/Src/stm32f4xx_hal_uart.o
 .ARM.attributes
                0x00000453       0x34 ./FATFS/App/fatfs.o
 .ARM.attributes
                0x00000487       0x34 ./FATFS/Target/user_diskio.o
 .ARM.attributes
                0x000004bb       0x34 ./Middlewares/Third_Party/FatFs/src/diskio.o
 .ARM.attributes
                0x000004ef       0x34 ./Middlewares/Third_Party/FatFs/src/ff.o
 .ARM.attributes
                0x00000523       0x34 ./Middlewares/Third_Party/FatFs/src/ff_gen_drv.o
 .ARM.attributes
                0x00000557       0x34 ./Middlewares/Third_Party/FatFs/src/option/ccsbcs.o
 .ARM.attributes
                0x0000058b       0x34 ./Middlewares/Third_Party/FatFs/src/option/syscall.o
 .ARM.attributes
                0x000005bf       0x34 ./Middlewares/Third_Party/FreeRTOS/Source/CMSIS_RTOS_V2/cmsis_os2.o
 .ARM.attributes
                0x000005f3       0x34 ./Middlewares/Third_Party/FreeRTOS/Source/list.o
 .ARM.attributes
                0x00000627       0x34 ./Middlewares/Third_Party/FreeRTOS/Source/queue.o
 .ARM.attributes
                0x0000065b       0x34 ./Middlewares/Third_Party/FreeRTOS/Source/tasks.o
 .ARM.attributes
                0x0000068f       0x34 ./Middlewares/Third_Party/FreeRTOS/Source/timers.o
 .ARM.attributes
                0x000006c3       0x34 ./Middlewares/Third_Party/FreeRTOS/Source/portable/GCC/ARM_CM4F/port.o
 .ARM.attributes
                0x000006f7       0x34 ./Middlewares/Third_Party/FreeRTOS/Source/portable/MemMang/heap_4.o
 .ARM.attributes
                0x0000072b       0x34 C:/ST/STM32CubeIDE_1.15.0/STM32CubeIDE/plugins/com.st.stm32cube.ide.mcu.externaltools.gnu-tools-for-stm32.12.3.rel1.win32_1.0.100.202403111256/tools/bin/../lib/gcc/arm-none-eabi/12.3.1/../../../../arm-none-eabi/lib/thumb/v7e-m+fp/hard\libc_nano.a(libc_a-findfp.o)
 .ARM.attributes
                0x0000075f       0x34 C:/ST/STM32CubeIDE_1.15.0/STM32CubeIDE/plugins/com.st.stm32cube.ide.mcu.externaltools.gnu-tools-for-stm32.12.3.rel1.win32_1.0.100.202403111256/tools/bin/../lib/gcc/arm-none-eabi/12.3.1/../../../../arm-none-eabi/lib/thumb/v7e-m+fp/hard\libc_nano.a(libc_a-sprintf.o)
 .ARM.attributes
                0x00000793       0x34 C:/ST/STM32CubeIDE_1.15.0/STM32CubeIDE/plugins/com.st.stm32cube.ide.mcu.externaltools.gnu-tools-for-stm32.12.3.rel1.win32_1.0.100.202403111256/tools/bin/../lib/gcc/arm-none-eabi/12.3.1/../../../../arm-none-eabi/lib/thumb/v7e-m+fp/hard\libc_nano.a(libc_a-memset.o)
 .ARM.attributes