../Core/Src/main.c:211:6:fast_delay	16	static
../Core/Src/main.c:235:6:send_uart	16	static
../Core/Src/main.c:244:9:open_append	16	static
../Core/Src/main.c:252:6:mount_sd_card	216	static
../Core/Src/main.c:287:6:process_data	24	static
../Core/Src/main.c:350:5:main	8	static
../Core/Src/main.c:462:6:SystemClock_Config	88	static
../Core/Src/main.c:508:13:MX_ADC1_Init	24	static
../Core/Src/main.c:560:13:MX_I2C1_Init	8	static
../Core/Src/main.c:594:13:MX_SPI2_Init	8	static
../Core/Src/main.c:632:13:MX_TIM2_Init	32	static
../Core/Src/main.c:677:13:MX_USART2_UART_Init	8	static
../Core/Src/main.c:708:13:MX_DMA_Init	16	static
../Core/Src/main.c:730:13:MX_GPIO_Init	48	static
../Core/Src/main.c:783:6:HAL_ADC_ConvHalfCpltCallback	16	static
../Core/Src/main.c:790:6:HAL_ADC_ConvCpltCallback	16	static
../Core/Src/main.c:798:6:HAL_GPIO_EXTI_Callback	16	static
../Core/Src/main.c:813:6:StartProcessInput	16	static
../Core/Src/main.c:838:6:StartSaveFile	64	static
../Core/Src/main.c:879:6:StartSendLCD	40	static
../Core/Src/main.c:907:6:HAL_TIM_PeriodElapsedCallback	16	static
../Core/Src/main.c:924:6:Error_Handler	4	static,ignoring_inline_asm
